Archive member included because of file (symbol)

/opt/altera/nios2eds/bin/gnu/H-i686-pc-linux-gnu/bin/../lib/gcc/nios2-elf/4.7.3/mno-hw-mul/libgcc.a(_fixunsdfsi.o)
                              obj/default/main.o (__fixunsdfsi)
/opt/altera/nios2eds/bin/gnu/H-i686-pc-linux-gnu/bin/../lib/gcc/nios2-elf/4.7.3/mno-hw-mul/libgcc.a(_addsub_sf.o)
                              obj/default/wheel_direction.o (__addsf3)
/opt/altera/nios2eds/bin/gnu/H-i686-pc-linux-gnu/bin/../lib/gcc/nios2-elf/4.7.3/mno-hw-mul/libgcc.a(_mul_sf.o)
                              obj/default/pwm_motor.o (__mulsf3)
/opt/altera/nios2eds/bin/gnu/H-i686-pc-linux-gnu/bin/../lib/gcc/nios2-elf/4.7.3/mno-hw-mul/libgcc.a(_gt_sf.o)
                              obj/default/pwm_motor.o (__gtsf2)
/opt/altera/nios2eds/bin/gnu/H-i686-pc-linux-gnu/bin/../lib/gcc/nios2-elf/4.7.3/mno-hw-mul/libgcc.a(_ge_sf.o)
                              obj/default/pwm_motor.o (__gesf2)
/opt/altera/nios2eds/bin/gnu/H-i686-pc-linux-gnu/bin/../lib/gcc/nios2-elf/4.7.3/mno-hw-mul/libgcc.a(_le_sf.o)
                              obj/default/pwm_motor.o (__lesf2)
/opt/altera/nios2eds/bin/gnu/H-i686-pc-linux-gnu/bin/../lib/gcc/nios2-elf/4.7.3/mno-hw-mul/libgcc.a(_sf_to_si.o)
                              obj/default/pwm_motor.o (__fixsfsi)
/opt/altera/nios2eds/bin/gnu/H-i686-pc-linux-gnu/bin/../lib/gcc/nios2-elf/4.7.3/mno-hw-mul/libgcc.a(_sf_to_df.o)
                              obj/default/legocar.o (__extendsfdf2)
/opt/altera/nios2eds/bin/gnu/H-i686-pc-linux-gnu/bin/../lib/gcc/nios2-elf/4.7.3/mno-hw-mul/libgcc.a(_thenan_sf.o)
                              /opt/altera/nios2eds/bin/gnu/H-i686-pc-linux-gnu/bin/../lib/gcc/nios2-elf/4.7.3/mno-hw-mul/libgcc.a(_addsub_sf.o) (__thenan_sf)
/opt/altera/nios2eds/bin/gnu/H-i686-pc-linux-gnu/bin/../lib/gcc/nios2-elf/4.7.3/mno-hw-mul/libgcc.a(_usi_to_sf.o)
                              obj/default/pwm_motor.o (__floatunsisf)
/opt/altera/nios2eds/bin/gnu/H-i686-pc-linux-gnu/bin/../lib/gcc/nios2-elf/4.7.3/mno-hw-mul/libgcc.a(_addsub_df.o)
                              obj/default/ins.o (__adddf3)
/opt/altera/nios2eds/bin/gnu/H-i686-pc-linux-gnu/bin/../lib/gcc/nios2-elf/4.7.3/mno-hw-mul/libgcc.a(_mul_df.o)
                              obj/default/ins.o (__muldf3)
/opt/altera/nios2eds/bin/gnu/H-i686-pc-linux-gnu/bin/../lib/gcc/nios2-elf/4.7.3/mno-hw-mul/libgcc.a(_div_df.o)
                              obj/default/ins.o (__divdf3)
/opt/altera/nios2eds/bin/gnu/H-i686-pc-linux-gnu/bin/../lib/gcc/nios2-elf/4.7.3/mno-hw-mul/libgcc.a(_eq_df.o)
                              obj/default/ins.o (__eqdf2)
/opt/altera/nios2eds/bin/gnu/H-i686-pc-linux-gnu/bin/../lib/gcc/nios2-elf/4.7.3/mno-hw-mul/libgcc.a(_ge_df.o)
                              /opt/altera/nios2eds/bin/gnu/H-i686-pc-linux-gnu/bin/../lib/gcc/nios2-elf/4.7.3/mno-hw-mul/libgcc.a(_fixunsdfsi.o) (__gedf2)
/opt/altera/nios2eds/bin/gnu/H-i686-pc-linux-gnu/bin/../lib/gcc/nios2-elf/4.7.3/mno-hw-mul/libgcc.a(_si_to_df.o)
                              obj/default/ins.o (__floatsidf)
/opt/altera/nios2eds/bin/gnu/H-i686-pc-linux-gnu/bin/../lib/gcc/nios2-elf/4.7.3/mno-hw-mul/libgcc.a(_df_to_si.o)
                              /opt/altera/nios2eds/bin/gnu/H-i686-pc-linux-gnu/bin/../lib/gcc/nios2-elf/4.7.3/mno-hw-mul/libgcc.a(_fixunsdfsi.o) (__fixdfsi)
/opt/altera/nios2eds/bin/gnu/H-i686-pc-linux-gnu/bin/../lib/gcc/nios2-elf/4.7.3/mno-hw-mul/libgcc.a(_make_df.o)
                              /opt/altera/nios2eds/bin/gnu/H-i686-pc-linux-gnu/bin/../lib/gcc/nios2-elf/4.7.3/mno-hw-mul/libgcc.a(_sf_to_df.o) (__make_dp)
/opt/altera/nios2eds/bin/gnu/H-i686-pc-linux-gnu/bin/../lib/gcc/nios2-elf/4.7.3/mno-hw-mul/libgcc.a(_df_to_sf.o)
                              obj/default/wheel_direction.o (__truncdfsf2)
/opt/altera/nios2eds/bin/gnu/H-i686-pc-linux-gnu/bin/../lib/gcc/nios2-elf/4.7.3/mno-hw-mul/libgcc.a(_thenan_df.o)
                              /opt/altera/nios2eds/bin/gnu/H-i686-pc-linux-gnu/bin/../lib/gcc/nios2-elf/4.7.3/mno-hw-mul/libgcc.a(_addsub_df.o) (__thenan_df)
/opt/altera/nios2eds/bin/gnu/H-i686-pc-linux-gnu/bin/../lib/gcc/nios2-elf/4.7.3/mno-hw-mul/libgcc.a(lib2-divmod.o)
                              obj/default/main.o (__modsi3)
/opt/altera/nios2eds/bin/gnu/H-i686-pc-linux-gnu/bin/../lib/gcc/nios2-elf/4.7.3/mno-hw-mul/libgcc.a(_muldi3.o)
                              /opt/altera/nios2eds/bin/gnu/H-i686-pc-linux-gnu/bin/../lib/gcc/nios2-elf/4.7.3/mno-hw-mul/libgcc.a(_mul_sf.o) (__muldi3)
/opt/altera/nios2eds/bin/gnu/H-i686-pc-linux-gnu/bin/../lib/gcc/nios2-elf/4.7.3/mno-hw-mul/libgcc.a(_clzsi2.o)
                              /opt/altera/nios2eds/bin/gnu/H-i686-pc-linux-gnu/bin/../lib/gcc/nios2-elf/4.7.3/mno-hw-mul/libgcc.a(_usi_to_sf.o) (__clzsi2)
/opt/altera/nios2eds/bin/gnu/H-i686-pc-linux-gnu/bin/../lib/gcc/nios2-elf/4.7.3/mno-hw-mul/libgcc.a(_pack_sf.o)
[...]
Memory Configuration

Name             Origin             Length             Attributes
reset            0x02000000         0x00000020
sdram            0x02000020         0x01ffffe0
epcs             0x04000000         0x00000800
*default*        0x00000000         0xffffffff

Linker script and memory map

LOAD ../legocar_firmware_microc_bsp//obj/HAL/src/crt0.o
LOAD obj/default/ins.o
LOAD obj/default/legocar.o
LOAD obj/default/main.o
LOAD obj/default/pwm_motor.o
LOAD obj/default/terasic_lib/I2C.o
LOAD obj/default/terasic_lib/accelerometer_adxl345_spi.o
LOAD obj/default/terasic_lib/adc_spi_read.o
LOAD obj/default/terasic_lib/flash.o
LOAD obj/default/terasic_lib/terasic_spi.o
LOAD obj/default/wheel_direction.o
LOAD /opt/altera/nios2eds/bin/gnu/H-i686-pc-linux-gnu/bin/../lib/gcc/nios2-elf/4.7.3/../../../../../H-i686-pc-linux-gnu/nios2-elf/lib/mno-hw-mul/libstdc++.a
LOAD /opt/altera/nios2eds/bin/gnu/H-i686-pc-linux-gnu/bin/../lib/gcc/nios2-elf/4.7.3/../../../../../H-i686-pc-linux-gnu/nios2-elf/lib/mno-hw-mul/libm.a
LOAD /opt/altera/nios2eds/bin/gnu/H-i686-pc-linux-gnu/bin/../lib/gcc/nios2-elf/4.7.3/mno-hw-mul/libgcc.a
START GROUP
LOAD /opt/altera/nios2eds/bin/gnu/H-i686-pc-linux-gnu/bin/../lib/gcc/nios2-elf/4.7.3/../../../../../H-i686-pc-linux-gnu/nios2-elf/lib/mno-hw-mul/libc.a
LOAD /opt/altera/nios2eds/bin/gnu/H-i686-pc-linux-gnu/bin/../lib/gcc/nios2-elf/4.7.3/mno-hw-mul/libgcc.a
LOAD ../legocar_firmware_microc_bsp//libucosii_bsp.a
END GROUP
LOAD /opt/altera/nios2eds/bin/gnu/H-i686-pc-linux-gnu/bin/../lib/gcc/nios2-elf/4.7.3/mno-hw-mul/libgcc.a
                0x02000000                __alt_mem_sdram = 0x2000000
                0x04000000                __alt_mem_epcs = 0x4000000

.entry          0x02000000       0x20
 *(.entry)
 .entry         0x02000000       0x20 ../legocar_firmware_microc_bsp//obj/HAL/src/crt0.o
                0x02000000                __reset

.exceptions     0x02000020      0x19c
                0x02000020                PROVIDE (__ram_exceptions_start, ABSOLUTE (.))
                0x02000020                . = ALIGN (0x20)
 *(.irq)
 *(.exceptions.entry.label)
 .exceptions.entry.label
                0x02000020        0x0 ../legocar_firmware_microc_bsp//libucosii_bsp.a(alt_irq_entry.o)
                0x02000020                alt_irq_entry
 .exceptions.entry.label
                0x02000020        0x0 ../legocar_firmware_microc_bsp//libucosii_bsp.a(alt_exception_entry.o)
                0x02000020                alt_exception
 *(.exceptions.entry.user)
 *(.exceptions.entry.ecc_fatal)
 *(.exceptions.entry)
 .exceptions.entry
                0x02000020       0x54 ../legocar_firmware_microc_bsp//libucosii_bsp.a(alt_exception_entry.o)
 *(.exceptions.irqtest.user)
 *(.exceptions.irqtest)
 .exceptions.irqtest
                0x02000074       0x10 ../legocar_firmware_microc_bsp//libucosii_bsp.a(alt_irq_entry.o)
 *(.exceptions.irqhandler.user)
 *(.exceptions.irqhandler)
 .exceptions.irqhandler
                0x02000084        0x4 ../legocar_firmware_microc_bsp//libucosii_bsp.a(alt_irq_entry.o)
 *(.exceptions.irqreturn.user)
 *(.exceptions.irqreturn)
 .exceptions.irqreturn
                0x02000088        0x4 ../legocar_firmware_microc_bsp//libucosii_bsp.a(alt_irq_entry.o)
 *(.exceptions.notirq.label)
 .exceptions.notirq.label
                0x0200008c        0x0 ../legocar_firmware_microc_bsp//libucosii_bsp.a(alt_irq_entry.o)
 *(.exceptions.notirq.user)
 *(.exceptions.notirq)
 .exceptions.notirq
                0x0200008c        0x8 ../legocar_firmware_microc_bsp//libucosii_bsp.a(alt_exception_entry.o)
 *(.exceptions.soft.user)
 *(.exceptions.soft)
 *(.exceptions.unknown.user)
 *(.exceptions.unknown)
 .exceptions.unknown
                0x02000094        0x4 ../legocar_firmware_microc_bsp//libucosii_bsp.a(alt_exception_entry.o)
 *(.exceptions.exit.label)
 .exceptions.exit.label
                0x02000098        0x0 ../legocar_firmware_microc_bsp//libucosii_bsp.a(alt_irq_entry.o)
 .exceptions.exit.label
                0x02000098        0x0 ../legocar_firmware_microc_bsp//libucosii_bsp.a(alt_exception_entry.o)
 *(.exceptions.exit.user)
 *(.exceptions.exit)
 .exceptions.exit
                0x02000098       0x54 ../legocar_firmware_microc_bsp//libucosii_bsp.a(alt_exception_entry.o)
 *(.exceptions)
 .exceptions    0x020000ec       0xd0 ../legocar_firmware_microc_bsp//libucosii_bsp.a(alt_irq_handler.o)
                0x020000ec                alt_irq_handler
                0x020001bc                PROVIDE (__ram_exceptions_end, ABSOLUTE (.))
                0x02000020                PROVIDE (__flash_exceptions_start, LOADADDR (.exceptions))

.text           0x020001bc    0x1bf7c
                0x020001bc                PROVIDE (stext, ABSOLUTE (.))
 *(.interp)
 *(.hash)
 *(.dynsym)
 *(.dynstr)
 *(.gnu.version)
 *(.gnu.version_d)
 *(.gnu.version_r)
 *(.rel.init)
 *(.rela.init)
 *(.rel.text .rel.text.* .rel.gnu.linkonce.t.*)
 *(.rela.text .rela.text.* .rela.gnu.linkonce.t.*)
 *(.rel.fini)
 *(.rela.fini)
 *(.rel.rodata .rel.rodata.* .rel.gnu.linkonce.r.*)
 *(.rela.rodata .rela.rodata.* .rela.gnu.linkonce.r.*)
 *(.rel.data .rel.data.* .rel.gnu.linkonce.d.*)
 *(.rela.data .rela.data.* .rela.gnu.linkonce.d.*)
 *(.rel.tdata .rel.tdata.* .rel.gnu.linkonce.td.*)
 *(.rela.tdata .rela.tdata.* .rela.gnu.linkonce.td.*)
 *(.rel.tbss .rel.tbss.* .rel.gnu.linkonce.tb.*)
 *(.rela.tbss .rela.tbss.* .rela.gnu.linkonce.tb.*)
 *(.rel.ctors)
 *(.rela.ctors)
 *(.rel.dtors)
 *(.rela.dtors)
 *(.rel.got)
 *(.rela.got)
 *(.rel.sdata .rel.sdata.* .rel.gnu.linkonce.s.*)
 *(.rela.sdata .rela.sdata.* .rela.gnu.linkonce.s.*)
 *(.rel.sbss .rel.sbss.* .rel.gnu.linkonce.sb.*)
 *(.rela.sbss .rela.sbss.* .rela.gnu.linkonce.sb.*)
 *(.rel.sdata2 .rel.sdata2.* .rel.gnu.linkonce.s2.*)
 *(.rela.sdata2 .rela.sdata2.* .rela.gnu.linkonce.s2.*)
 *(.rel.sbss2 .rel.sbss2.* .rel.gnu.linkonce.sb2.*)
 *(.rela.sbss2 .rela.sbss2.* .rela.gnu.linkonce.sb2.*)
 *(.rel.bss .rel.bss.* .rel.gnu.linkonce.b.*)
 *(.rela.bss .rela.bss.* .rela.gnu.linkonce.b.*)
 *(.rel.plt)
 *(.rela.plt)
 *(.rel.dyn)
 *(.init)
 *(.plt)
 *(.text .stub .text.* .gnu.linkonce.t.*)
 .text          0x020001bc       0x3c ../legocar_firmware_microc_bsp//obj/HAL/src/crt0.o
                0x020001bc                _start
 .text          0x020001f8      0x768 obj/default/ins.o
                0x020001f8                init_ins
                0x020002d4                calibrate_ins
                0x0200033c                auto_calibrate_ins
                0x020005f8                wait_for_data
                0x02000684                update_ins
 .text          0x02000960      0x450 obj/default/legocar.o
                0x02000960                init_legocar
                0x02000a38                align_wheels
                0x02000be8                set_driving_speed
                0x02000cac                stop
                0x02000ce4                enable_wheel_stabilizer
                0x02000d10                disable_wheel_stabilizer
                0x02000d38                control_loop
 .text          0x02000db0      0x4b4 obj/default/main.o
                0x02000db0                acc_sensor_task
                0x02000f78                stabilizer_task
                0x02000fb0                control_task
                0x02001110                main
 .text          0x02001264      0x33c obj/default/pwm_motor.o
                0x02001264                init_pwm_motor
                0x02001310                pwm_setting
                0x0200139c                set_speed
                0x02001574                get_speed
 .text          0x020015a0      0x9bc obj/default/terasic_lib/I2C.o
                0x020015a0                I2C_Write
                0x02001678                I2C_Read
                0x02001778                I2C_MultipleWrite
                0x02001888                I2C_MultipleRead
                0x020019e0                i2c_start
                0x02001a64                i2c_stop
                0x02001ad4                i2c_write
                0x02001c00                i2c_read
                0x02001d50                i2c_data_verify
                0x02001ed8                I2C_Verify
 .text          0x02001f5c      0x2d0 obj/default/terasic_lib/accelerometer_adxl345_spi.o
                0x02001f5c                ADXL345_SPI_Init
                0x0200201c                ADXL345_SPI_WaitDataReady
                0x020020b8                ADXL345_SPI_IsDataReady
                0x0200211c                ADXL345_SPI_XYZ_Read
                0x020021e8                ADXL345_SPI_IdRead
 .text          0x0200222c       0xf8 obj/default/terasic_lib/adc_spi_read.o
                0x0200222c                ADC_Read
 .text          0x02002324      0xd98 obj/default/terasic_lib/flash.o
                0x02002324                Flash_InfoDump
                0x020023e8                Flash_Open
                0x020024a8                Flash_Close
                0x02002500                Flash_GetBlockInfo
                0x02002628                Flash_Read
                0x020026d0                Flash_Write
                0x02002900                Flash_Erase
                0x020029ec                Flash_GetBlockCount
                0x02002a70                Flash_Size
                0x02002b48                FLASH_Verify
 .text          0x020030bc      0x348 obj/default/terasic_lib/terasic_spi.o
                0x020030bc                SPI_Init
                0x0200310c                SPI_MultipleWrite
                0x0200322c                SPI_Write
                0x02003280                SPI_MultipleRead
                0x020033b8                SPI_Read
 .text          0x02003404      0x210 obj/default/wheel_direction.o
                0x02003404                init_direction
                0x0200343c                set_direction
                0x020034c4                get_direction
                0x02003548                realign_wheel
 .text          0x02003614       0x84 /opt/altera/nios2eds/bin/gnu/H-i686-pc-linux-gnu/bin/../lib/gcc/nios2-elf/4.7.3/mno-hw-mul/libgcc.a(_fixunsdfsi.o)
                0x02003614                __fixunsdfsi
 .text          0x02003698      0x298 /opt/altera/nios2eds/bin/gnu/H-i686-pc-linux-gnu/bin/../lib/gcc/nios2-elf/4.7.3/mno-hw-mul/libgcc.a(_addsub_sf.o)
                0x0200388c                __addsf3
                0x020038d8                __subsf3
 .text          0x02003930      0x190 /opt/altera/nios2eds/bin/gnu/H-i686-pc-linux-gnu/bin/../lib/gcc/nios2-elf/4.7.3/mno-hw-mul/libgcc.a(_mul_sf.o)
                0x02003930                __mulsf3
 .text          0x02003ac0       0x5c /opt/altera/nios2eds/bin/gnu/H-i686-pc-linux-gnu/bin/../lib/gcc/nios2-elf/4.7.3/mno-hw-mul/libgcc.a(_gt_sf.o)
                0x02003ac0                __gtsf2
 .text          0x02003b1c       0x5c /opt/altera/nios2eds/bin/gnu/H-i686-pc-linux-gnu/bin/../lib/gcc/nios2-elf/4.7.3/mno-hw-mul/libgcc.a(_ge_sf.o)
                0x02003b1c                __gesf2
 .text          0x02003b78       0x54 /opt/altera/nios2eds/bin/gnu/H-i686-pc-linux-gnu/bin/../lib/gcc/nios2-elf/4.7.3/mno-hw-mul/libgcc.a(_le_sf.o)
                0x02003b78                __lesf2
 .text          0x02003bcc       0xa4 /opt/altera/nios2eds/bin/gnu/H-i686-pc-linux-gnu/bin/../lib/gcc/nios2-elf/4.7.3/mno-hw-mul/libgcc.a(_sf_to_si.o)
                0x02003bcc                __fixsfsi
 .text          0x02003c70       0x44 /opt/altera/nios2eds/bin/gnu/H-i686-pc-linux-gnu/bin/../lib/gcc/nios2-elf/4.7.3/mno-hw-mul/libgcc.a(_sf_to_df.o)
                0x02003c70                __extendsfdf2
 .text          0x02003cb4        0x0 /opt/altera/nios2eds/bin/gnu/H-i686-pc-linux-gnu/bin/../lib/gcc/nios2-elf/4.7.3/mno-hw-mul/libgcc.a(_thenan_sf.o)
 .text          0x02003cb4       0xd4 /opt/altera/nios2eds/bin/gnu/H-i686-pc-linux-gnu/bin/../lib/gcc/nios2-elf/4.7.3/mno-hw-mul/libgcc.a(_usi_to_sf.o)
                0x02003cb4                __floatunsisf
 .text          0x02003d88      0x408 /opt/altera/nios2eds/bin/gnu/H-i686-pc-linux-gnu/bin/../lib/gcc/nios2-elf/4.7.3/mno-hw-mul/libgcc.a(_addsub_df.o)
                0x020040dc                __adddf3
                0x02004130                __subdf3
 .text          0x02004190      0x2e4 /opt/altera/nios2eds/bin/gnu/H-i686-pc-linux-gnu/bin/../lib/gcc/nios2-elf/4.7.3/mno-hw-mul/libgcc.a(_mul_df.o)
                0x02004190                __muldf3
 .text          0x02004474      0x1b4 /opt/altera/nios2eds/bin/gnu/H-i686-pc-linux-gnu/bin/../lib/gcc/nios2-elf/4.7.3/mno-hw-mul/libgcc.a(_div_df.o)
                0x02004474                __divdf3
 .text          0x02004628       0x5c /opt/altera/nios2eds/bin/gnu/H-i686-pc-linux-gnu/bin/../lib/gcc/nios2-elf/4.7.3/mno-hw-mul/libgcc.a(_eq_df.o)
                0x02004628                __eqdf2
 .text          0x02004684       0x64 /opt/altera/nios2eds/bin/gnu/H-i686-pc-linux-gnu/bin/../lib/gcc/nios2-elf/4.7.3/mno-hw-mul/libgcc.a(_ge_df.o)
                0x02004684                __gedf2
 .text          0x020046e8       0xd4 /opt/altera/nios2eds/bin/gnu/H-i686-pc-linux-gnu/bin/../lib/gcc/nios2-elf/4.7.3/mno-hw-mul/libgcc.a(_si_to_df.o)
                0x020046e8                __floatsidf
 .text          0x020047bc       0xd4 /opt/altera/nios2eds/bin/gnu/H-i686-pc-linux-gnu/bin/../lib/gcc/nios2-elf/4.7.3/mno-hw-mul/libgcc.a(_df_to_si.o)
                0x020047bc                __fixdfsi
 .text          0x02004890       0x38 /opt/altera/nios2eds/bin/gnu/H-i686-pc-linux-gnu/bin/../lib/gcc/nios2-elf/4.7.3/mno-hw-mul/libgcc.a(_make_df.o)
                0x02004890                __make_dp
 .text          0x020048c8       0x60 /opt/altera/nios2eds/bin/gnu/H-i686-pc-linux-gnu/bin/../lib/gcc/nios2-elf/4.7.3/mno-hw-mul/libgcc.a(_df_to_sf.o)
                0x020048c8                __truncdfsf2
 .text          0x02004928        0x0 /opt/altera/nios2eds/bin/gnu/H-i686-pc-linux-gnu/bin/../lib/gcc/nios2-elf/4.7.3/mno-hw-mul/libgcc.a(_thenan_df.o)
 .text          0x02004928      0x130 /opt/altera/nios2eds/bin/gnu/H-i686-pc-linux-gnu/bin/../lib/gcc/nios2-elf/4.7.3/mno-hw-mul/libgcc.a(lib2-divmod.o)
                0x0200499c                __divsi3
                0x020049ec                __modsi3
                0x02004a48                __udivsi3
                0x02004a50                __umodsi3
 .text          0x02004a58      0x110 /opt/altera/nios2eds/bin/gnu/H-i686-pc-linux-gnu/bin/../lib/gcc/nios2-elf/4.7.3/mno-hw-mul/libgcc.a(_muldi3.o)
                0x02004a58                __muldi3
 .text          0x02004b68       0xac /opt/altera/nios2eds/bin/gnu/H-i686-pc-linux-gnu/bin/../lib/gcc/nios2-elf/4.7.3/mno-hw-mul/libgcc.a(_clzsi2.o)
                0x02004b68                __clzsi2
 .text          0x02004c14      0x12c /opt/altera/nios2eds/bin/gnu/H-i686-pc-linux-gnu/bin/../lib/gcc/nios2-elf/4.7.3/mno-hw-mul/libgcc.a(_pack_sf.o)
                0x02004c14                __pack_f
 .text          0x02004d40       0xc8 /opt/altera/nios2eds/bin/gnu/H-i686-pc-linux-gnu/bin/../lib/gcc/nios2-elf/4.7.3/mno-hw-mul/libgcc.a(_unpack_sf.o)
                0x02004d40                __unpack_f
 .text          0x02004e08       0xbc /opt/altera/nios2eds/bin/gnu/H-i686-pc-linux-gnu/bin/../lib/gcc/nios2-elf/4.7.3/mno-hw-mul/libgcc.a(_fpcmp_parts_sf.o)
                0x02004e08                __fpcmp_parts_f
 .text          0x02004ec4       0x2c /opt/altera/nios2eds/bin/gnu/H-i686-pc-linux-gnu/bin/../lib/gcc/nios2-elf/4.7.3/mno-hw-mul/libgcc.a(_make_sf.o)
                0x02004ec4                __make_fp
 .text          0x02004ef0      0x224 /opt/altera/nios2eds/bin/gnu/H-i686-pc-linux-gnu/bin/../lib/gcc/nios2-elf/4.7.3/mno-hw-mul/libgcc.a(_pack_df.o)
                0x02004ef0                __pack_d
 .text          0x02005114      0x104 /opt/altera/nios2eds/bin/gnu/H-i686-pc-linux-gnu/bin/../lib/gcc/nios2-elf/4.7.3/mno-hw-mul/libgcc.a(_unpack_df.o)
                0x02005114                __unpack_d
 .text          0x02005218       0xd0 /opt/altera/nios2eds/bin/gnu/H-i686-pc-linux-gnu/bin/../lib/gcc/nios2-elf/4.7.3/mno-hw-mul/libgcc.a(_fpcmp_parts_df.o)
                0x02005218                __fpcmp_parts_d
 .text          0x020052e8       0x28 /opt/altera/nios2eds/bin/gnu/H-i686-pc-linux-gnu/bin/../lib/gcc/nios2-elf/4.7.3/mno-hw-mul/libgcc.a(lib2-mul.o)
                0x020052e8                __mulsi3
 .text          0x02005310       0x44 /opt/altera/nios2eds/bin/gnu/H-i686-pc-linux-gnu/bin/../lib/gcc/nios2-elf/4.7.3/mno-hw-mul/libgcc.a(_lshrdi3.o)
                0x02005310                __lshrdi3
 .text          0x02005354       0x44 /opt/altera/nios2eds/bin/gnu/H-i686-pc-linux-gnu/bin/../lib/gcc/nios2-elf/4.7.3/mno-hw-mul/libgcc.a(_ashldi3.o)
                0x02005354                __ashldi3
 .text          0x02005398        0x0 /opt/altera/nios2eds/bin/gnu/H-i686-pc-linux-gnu/bin/../lib/gcc/nios2-elf/4.7.3/mno-hw-mul/libgcc.a(_clz.o)
 .text          0x02005398       0x78 /opt/altera/nios2eds/bin/gnu/H-i686-pc-linux-gnu/bin/../lib/gcc/nios2-elf/4.7.3/../../../../../H-i686-pc-linux-gnu/nios2-elf/lib/mno-hw-mul/libc.a(lib_a-assert.o)
                0x02005398                __assert_func
                0x020053fc                __assert
 .text          0x02005410       0x5c /opt/altera/nios2eds/bin/gnu/H-i686-pc-linux-gnu/bin/../lib/gcc/nios2-elf/4.7.3/../../../../../H-i686-pc-linux-gnu/nios2-elf/lib/mno-hw-mul/libc.a(lib_a-fiprintf.o)
                0x02005410                _fiprintf_r
                0x02005430                fiprintf
 .text          0x0200546c        0x0 /opt/altera/nios2eds/bin/gnu/H-i686-pc-linux-gnu/bin/../lib/gcc/nios2-elf/4.7.3/../../../../../H-i686-pc-linux-gnu/nios2-elf/lib/mno-hw-mul/libc.a(lib_a-impure.o)
 .text          0x0200546c       0x28 /opt/altera/nios2eds/bin/gnu/H-i686-pc-linux-gnu/bin/../lib/gcc/nios2-elf/4.7.3/../../../../../H-i686-pc-linux-gnu/nios2-elf/lib/mno-hw-mul/libc.a(lib_a-malloc.o)
                0x0200546c                malloc
                0x02005480                free
 .text          0x02005494      0x784 /opt/altera/nios2eds/bin/gnu/H-i686-pc-linux-gnu/bin/../lib/gcc/nios2-elf/4.7.3/../../../../../H-i686-pc-linux-gnu/nios2-elf/lib/mno-hw-mul/libc.a(lib_a-mallocr.o)
                0x02005494                _malloc_r
 .text          0x02005c18       0x68 /opt/altera/nios2eds/bin/gnu/H-i686-pc-linux-gnu/bin/../lib/gcc/nios2-elf/4.7.3/../../../../../H-i686-pc-linux-gnu/nios2-elf/lib/mno-hw-mul/libc.a(lib_a-printf.o)
                0x02005c18                _printf_r
                0x02005c44                printf
 .text          0x02005c80       0x98 /opt/altera/nios2eds/bin/gnu/H-i686-pc-linux-gnu/bin/../lib/gcc/nios2-elf/4.7.3/../../../../../H-i686-pc-linux-gnu/nios2-elf/lib/mno-hw-mul/libc.a(lib_a-puts.o)
                0x02005c80                _puts_r
                0x02005d04                puts
 .text          0x02005d18       0x64 /opt/altera/nios2eds/bin/gnu/H-i686-pc-linux-gnu/bin/../lib/gcc/nios2-elf/4.7.3/../../../../../H-i686-pc-linux-gnu/nios2-elf/lib/mno-hw-mul/libc.a(lib_a-sbrkr.o)
                0x02005d18                _sbrk_r
 .text          0x02005d7c       0x8c /opt/altera/nios2eds/bin/gnu/H-i686-pc-linux-gnu/bin/../lib/gcc/nios2-elf/4.7.3/../../../../../H-i686-pc-linux-gnu/nios2-elf/lib/mno-hw-mul/libc.a(lib_a-strlen.o)
                0x02005d7c                strlen
 .text          0x02005e08       0x1c /opt/altera/nios2eds/bin/gnu/H-i686-pc-linux-gnu/bin/../lib/gcc/nios2-elf/4.7.3/../../../../../H-i686-pc-linux-gnu/nios2-elf/lib/mno-hw-mul/libc.a(lib_a-vfiprintfr_1.o)
                0x02005e08                _vfiprintf_r
 .text          0x02005e24     0x1ed4 /opt/altera/nios2eds/bin/gnu/H-i686-pc-linux-gnu/bin/../lib/gcc/nios2-elf/4.7.3/../../../../../H-i686-pc-linux-gnu/nios2-elf/lib/mno-hw-mul/libc.a(lib_a-vfprintf.o)
                0x02005e58                ___vfprintf_internal_r
                0x02007cd4                __vfprintf_internal
 .text          0x02007cf8      0x174 /opt/altera/nios2eds/bin/gnu/H-i686-pc-linux-gnu/bin/../lib/gcc/nios2-elf/4.7.3/../../../../../H-i686-pc-linux-gnu/nios2-elf/lib/mno-hw-mul/libc.a(lib_a-wsetup.o)
                0x02007cf8                __swsetup_r
 .text          0x02007e6c       0x18 /opt/altera/nios2eds/bin/gnu/H-i686-pc-linux-gnu/bin/../lib/gcc/nios2-elf/4.7.3/../../../../../H-i686-pc-linux-gnu/nios2-elf/lib/mno-hw-mul/libc.a(lib_a-abort.o)
                0x02007e6c                abort
 .text          0x02007e84     0x1858 /opt/altera/nios2eds/bin/gnu/H-i686-pc-linux-gnu/bin/../lib/gcc/nios2-elf/4.7.3/../../../../../H-i686-pc-linux-gnu/nios2-elf/lib/mno-hw-mul/libc.a(lib_a-dtoa.o)
                0x020080c0                _dtoa_r
 .text          0x020096dc      0x218 /opt/altera/nios2eds/bin/gnu/H-i686-pc-linux-gnu/bin/../lib/gcc/nios2-elf/4.7.3/../../../../../H-i686-pc-linux-gnu/nios2-elf/lib/mno-hw-mul/libc.a(lib_a-fflush.o)
                0x020096dc                _fflush_r
                0x020098c4                fflush
 .text          0x020098f4      0x2ec /opt/altera/nios2eds/bin/gnu/H-i686-pc-linux-gnu/bin/../lib/gcc/nios2-elf/4.7.3/../../../../../H-i686-pc-linux-gnu/nios2-elf/lib/mno-hw-mul/libc.a(lib_a-findfp.o)
                0x02009904                _cleanup_r
                0x02009910                __sfmoreglue
                0x02009988                _cleanup
                0x02009998                __sinit
                0x02009aa4                __sfp
                0x02009ba0                __sfp_lock_acquire
                0x02009ba4                __sfp_lock_release
                0x02009ba8                __sinit_lock_acquire
                0x02009bac                __sinit_lock_release
                0x02009bb0                __fp_lock_all
                0x02009bc8                __fp_unlock_all
 .text          0x02009be0      0x40c /opt/altera/nios2eds/bin/gnu/H-i686-pc-linux-gnu/bin/../lib/gcc/nios2-elf/4.7.3/../../../../../H-i686-pc-linux-gnu/nios2-elf/lib/mno-hw-mul/libc.a(lib_a-freer.o)
                0x02009be0                _malloc_trim_r
                0x02009d1c                _free_r
 .text          0x02009fec      0x4e4 /opt/altera/nios2eds/bin/gnu/H-i686-pc-linux-gnu/bin/../lib/gcc/nios2-elf/4.7.3/../../../../../H-i686-pc-linux-gnu/nios2-elf/lib/mno-hw-mul/libc.a(lib_a-fvwrite.o)
                0x02009fec                __sfvwrite_r
 .text          0x0200a4d0      0x160 /opt/altera/nios2eds/bin/gnu/H-i686-pc-linux-gnu/bin/../lib/gcc/nios2-elf/4.7.3/../../../../../H-i686-pc-linux-gnu/nios2-elf/lib/mno-hw-mul/libc.a(lib_a-fwalk.o)
                0x0200a4d0                _fwalk
                0x0200a578                _fwalk_reent
 .text          0x0200a630        0x0 /opt/altera/nios2eds/bin/gnu/H-i686-pc-linux-gnu/bin/../lib/gcc/nios2-elf/4.7.3/../../../../../H-i686-pc-linux-gnu/nios2-elf/lib/mno-hw-mul/libc.a(lib_a-int_errno.o)
 .text          0x0200a630       0xdc /opt/altera/nios2eds/bin/gnu/H-i686-pc-linux-gnu/bin/../lib/gcc/nios2-elf/4.7.3/../../../../../H-i686-pc-linux-gnu/nios2-elf/lib/mno-hw-mul/libc.a(lib_a-locale.o)
                0x0200a630                _setlocale_r
                0x0200a6cc                __locale_charset
                0x0200a6d8                _localeconv_r
                0x0200a6e4                setlocale
                0x0200a700                localeconv
 .text          0x0200a70c      0x1a8 /opt/altera/nios2eds/bin/gnu/H-i686-pc-linux-gnu/bin/../lib/gcc/nios2-elf/4.7.3/../../../../../H-i686-pc-linux-gnu/nios2-elf/lib/mno-hw-mul/libc.a(lib_a-makebuf.o)
                0x0200a70c                __smakebuf_r
 .text          0x0200a8b4       0xf8 /opt/altera/nios2eds/bin/gnu/H-i686-pc-linux-gnu/bin/../lib/gcc/nios2-elf/4.7.3/../../../../../H-i686-pc-linux-gnu/nios2-elf/lib/mno-hw-mul/libc.a(lib_a-memchr.o)
                0x0200a8b4                memchr
 .text          0x0200a9ac      0x140 /opt/altera/nios2eds/bin/gnu/H-i686-pc-linux-gnu/bin/../lib/gcc/nios2-elf/4.7.3/../../../../../H-i686-pc-linux-gnu/nios2-elf/lib/mno-hw-mul/libc.a(lib_a-memcpy.o)
                0x0200a9ac                memcpy
 .text          0x0200aaec      0x18c /opt/altera/nios2eds/bin/gnu/H-i686-pc-linux-gnu/bin/../lib/gcc/nios2-elf/4.7.3/../../../../../H-i686-pc-linux-gnu/nios2-elf/lib/mno-hw-mul/libc.a(lib_a-memmove.o)
                0x0200aaec                memmove
 .text          0x0200ac78       0xdc /opt/altera/nios2eds/bin/gnu/H-i686-pc-linux-gnu/bin/../lib/gcc/nios2-elf/4.7.3/../../../../../H-i686-pc-linux-gnu/nios2-elf/lib/mno-hw-mul/libc.a(lib_a-memset.o)
                0x0200ac78                memset
 .text          0x0200ad54     0x1050 /opt/altera/nios2eds/bin/gnu/H-i686-pc-linux-gnu/bin/../lib/gcc/nios2-elf/4.7.3/../../../../../H-i686-pc-linux-gnu/nios2-elf/lib/mno-hw-mul/libc.a(lib_a-mprec.o)
                0x0200ad54                _Balloc
                0x0200adfc                _Bfree
                0x0200ae24                __multadd
                0x0200af68                __s2b
                0x0200b06c                __hi0bits
                0x0200b0d4                __lo0bits
                0x0200b184                __i2b
                0x0200b1c0                __multiply
                0x0200b418                __pow5mult
                0x0200b544                __lshift
                0x0200b6a0                __mcmp
                0x0200b6f8                __mdiff
                0x0200b8a0                __ulp
                0x0200b900                __b2d
                0x0200ba48                __d2b
                0x0200bb8c                __ratio
                0x0200bc30                _mprec_log10
                0x0200bca4                __copybits
                0x0200bd20                __any_on
 .text          0x0200bda4      0x5fc /opt/altera/nios2eds/bin/gnu/H-i686-pc-linux-gnu/bin/../lib/gcc/nios2-elf/4.7.3/../../../../../H-i686-pc-linux-gnu/nios2-elf/lib/mno-hw-mul/libc.a(lib_a-reallocr.o)
                0x0200bda4                _realloc_r
 .text          0x0200c3a0       0x38 /opt/altera/nios2eds/bin/gnu/H-i686-pc-linux-gnu/bin/../lib/gcc/nios2-elf/4.7.3/../../../../../H-i686-pc-linux-gnu/nios2-elf/lib/mno-hw-mul/libc.a(lib_a-s_isinfd.o)
                0x0200c3a0                __isinfd
 .text          0x0200c3d8       0x2c /opt/altera/nios2eds/bin/gnu/H-i686-pc-linux-gnu/bin/../lib/gcc/nios2-elf/4.7.3/../../../../../H-i686-pc-linux-gnu/nios2-elf/lib/mno-hw-mul/libc.a(lib_a-s_isnand.o)
                0x0200c3d8                __isnand
 .text          0x0200c404      0x2c8 /opt/altera/nios2eds/bin/gnu/H-i686-pc-linux-gnu/bin/../lib/gcc/nios2-elf/4.7.3/../../../../../H-i686-pc-linux-gnu/nios2-elf/lib/mno-hw-mul/libc.a(lib_a-signal.o)
                0x0200c404                _init_signal_r
                0x0200c46c                _signal_r
                0x0200c4f4                _raise_r
                0x0200c5c4                __sigtramp_r
                0x0200c678                raise
                0x0200c68c                signal
                0x0200c6a8                _init_signal
                0x0200c6b8                __sigtramp
 .text          0x0200c6cc       0x6c /opt/altera/nios2eds/bin/gnu/H-i686-pc-linux-gnu/bin/../lib/gcc/nios2-elf/4.7.3/../../../../../H-i686-pc-linux-gnu/nios2-elf/lib/mno-hw-mul/libc.a(lib_a-signalr.o)
                0x0200c6cc                _kill_r
                0x0200c734                _getpid_r
 .text          0x0200c738      0x140 /opt/altera/nios2eds/bin/gnu/H-i686-pc-linux-gnu/bin/../lib/gcc/nios2-elf/4.7.3/../../../../../H-i686-pc-linux-gnu/nios2-elf/lib/mno-hw-mul/libc.a(lib_a-stdio.o)
                0x0200c738                __sread
                0x0200c78c                __swrite
                0x0200c814                __sseek
                0x0200c870                __sclose
 .text          0x0200c878       0xa4 /opt/altera/nios2eds/bin/gnu/H-i686-pc-linux-gnu/bin/../lib/gcc/nios2-elf/4.7.3/../../../../../H-i686-pc-linux-gnu/nios2-elf/lib/mno-hw-mul/libc.a(lib_a-strcmp.o)
                0x0200c878                strcmp
 .text          0x0200c91c     0x1274 /opt/altera/nios2eds/bin/gnu/H-i686-pc-linux-gnu/bin/../lib/gcc/nios2-elf/4.7.3/../../../../../H-i686-pc-linux-gnu/nios2-elf/lib/mno-hw-mul/libc.a(lib_a-vfiprintf.o)
                0x0200c950                ___vfiprintf_internal_r
                0x0200db6c                __vfiprintf_internal
 .text          0x0200db90       0x6c /opt/altera/nios2eds/bin/gnu/H-i686-pc-linux-gnu/bin/../lib/gcc/nios2-elf/4.7.3/../../../../../H-i686-pc-linux-gnu/nios2-elf/lib/mno-hw-mul/libc.a(lib_a-writer.o)
                0x0200db90                _write_r
 .text          0x0200dbfc       0xcc /opt/altera/nios2eds/bin/gnu/H-i686-pc-linux-gnu/bin/../lib/gcc/nios2-elf/4.7.3/../../../../../H-i686-pc-linux-gnu/nios2-elf/lib/mno-hw-mul/libc.a(lib_a-callocr.o)
                0x0200dbfc                _calloc_r
 .text          0x0200dcc8       0x64 /opt/altera/nios2eds/bin/gnu/H-i686-pc-linux-gnu/bin/../lib/gcc/nios2-elf/4.7.3/../../../../../H-i686-pc-linux-gnu/nios2-elf/lib/mno-hw-mul/libc.a(lib_a-closer.o)
                0x0200dcc8                _close_r
 .text          0x0200dd2c      0x150 /opt/altera/nios2eds/bin/gnu/H-i686-pc-linux-gnu/bin/../lib/gcc/nios2-elf/4.7.3/../../../../../H-i686-pc-linux-gnu/nios2-elf/lib/mno-hw-mul/libc.a(lib_a-fclose.o)
                0x0200dd2c                _fclose_r
                0x0200de68                fclose
 .text          0x0200de7c       0x68 /opt/altera/nios2eds/bin/gnu/H-i686-pc-linux-gnu/bin/../lib/gcc/nios2-elf/4.7.3/../../../../../H-i686-pc-linux-gnu/nios2-elf/lib/mno-hw-mul/libc.a(lib_a-fstatr.o)
                0x0200de7c                _fstat_r
 .text          0x0200dee4       0x64 /opt/altera/nios2eds/bin/gnu/H-i686-pc-linux-gnu/bin/../lib/gcc/nios2-elf/4.7.3/../../../../../H-i686-pc-linux-gnu/nios2-elf/lib/mno-hw-mul/libc.a(lib_a-isattyr.o)
                0x0200dee4                _isatty_r
 .text          0x0200df48       0x6c /opt/altera/nios2eds/bin/gnu/H-i686-pc-linux-gnu/bin/../lib/gcc/nios2-elf/4.7.3/../../../../../H-i686-pc-linux-gnu/nios2-elf/lib/mno-hw-mul/libc.a(lib_a-lseekr.o)
                0x0200df48                _lseek_r
 .text          0x0200dfb4       0x6c /opt/altera/nios2eds/bin/gnu/H-i686-pc-linux-gnu/bin/../lib/gcc/nios2-elf/4.7.3/../../../../../H-i686-pc-linux-gnu/nios2-elf/lib/mno-hw-mul/libc.a(lib_a-readr.o)
                0x0200dfb4                _read_r
 .text          0x0200e020      0x650 /opt/altera/nios2eds/bin/gnu/H-i686-pc-linux-gnu/bin/../lib/gcc/nios2-elf/4.7.3/mno-hw-mul/libgcc.a(_udivdi3.o)
                0x0200e020                __udivdi3
 .text          0x0200e670      0x628 /opt/altera/nios2eds/bin/gnu/H-i686-pc-linux-gnu/bin/../lib/gcc/nios2-elf/4.7.3/mno-hw-mul/libgcc.a(_umoddi3.o)
                0x0200e670                __umoddi3
 .text          0x0200ec98       0x5c /opt/altera/nios2eds/bin/gnu/H-i686-pc-linux-gnu/bin/../lib/gcc/nios2-elf/4.7.3/mno-hw-mul/libgcc.a(_ne_df.o)
                0x0200ec98                __nedf2
 .text          0x0200ecf4       0x64 /opt/altera/nios2eds/bin/gnu/H-i686-pc-linux-gnu/bin/../lib/gcc/nios2-elf/4.7.3/mno-hw-mul/libgcc.a(_gt_df.o)
                0x0200ecf4                __gtdf2
 .text          0x0200ed58       0x5c /opt/altera/nios2eds/bin/gnu/H-i686-pc-linux-gnu/bin/../lib/gcc/nios2-elf/4.7.3/mno-hw-mul/libgcc.a(_lt_df.o)
                0x0200ed58                __ltdf2
 .text          0x0200edb4      0x11c /opt/altera/nios2eds/bin/gnu/H-i686-pc-linux-gnu/bin/../lib/gcc/nios2-elf/4.7.3/mno-hw-mul/libgcc.a(_usi_to_df.o)
                0x0200edb4                __floatunsidf
 .text          0x0200eed0      0x11c ../legocar_firmware_microc_bsp//libucosii_bsp.a(alt_close.o)
                0x0200ef20                close
 .text          0x0200efec       0x24 ../legocar_firmware_microc_bsp//libucosii_bsp.a(alt_dcache_flush.o)
                0x0200efec                alt_dcache_flush
 .text          0x0200f010       0x1c ../legocar_firmware_microc_bsp//libucosii_bsp.a(alt_dcache_flush_all.o)
                0x0200f010                alt_dcache_flush_all
 .text          0x0200f02c       0x2c ../legocar_firmware_microc_bsp//libucosii_bsp.a(alt_dev.o)
 .text          0x0200f058        0x0 ../legocar_firmware_microc_bsp//libucosii_bsp.a(alt_errno.o)
 .text          0x0200f058       0x44 ../legocar_firmware_microc_bsp//libucosii_bsp.a(alt_exit.o)
                0x0200f058                _exit
 .text          0x0200f09c       0xb8 ../legocar_firmware_microc_bsp//libucosii_bsp.a(alt_flash_dev.o)
                0x0200f09c                alt_flash_open_dev
                0x0200f104                alt_flash_close_dev
 .text          0x0200f154      0x100 ../legocar_firmware_microc_bsp//libucosii_bsp.a(alt_fstat.o)
                0x0200f1a4                fstat
 .text          0x0200f254       0x20 ../legocar_firmware_microc_bsp//libucosii_bsp.a(alt_getpid.o)
                0x0200f254                getpid
 .text          0x0200f274       0xf4 ../legocar_firmware_microc_bsp//libucosii_bsp.a(alt_isatty.o)
                0x0200f2c4                isatty
 .text          0x0200f368      0x180 ../legocar_firmware_microc_bsp//libucosii_bsp.a(alt_kill.o)
                0x0200f3b8                kill
 .text          0x0200f4e8       0xec ../legocar_firmware_microc_bsp//libucosii_bsp.a(alt_load.o)
                0x0200f554                alt_load
 .text          0x0200f5d4      0x124 ../legocar_firmware_microc_bsp//libucosii_bsp.a(alt_lseek.o)
                0x0200f624                lseek
 .text          0x0200f6f8       0xcc ../legocar_firmware_microc_bsp//libucosii_bsp.a(alt_main.o)
                0x0200f6f8                alt_main
 .text          0x0200f7c4      0x144 ../legocar_firmware_microc_bsp//libucosii_bsp.a(alt_read.o)
                0x0200f814                read
 .text          0x0200f908       0x80 ../legocar_firmware_microc_bsp//libucosii_bsp.a(alt_release_fd.o)
                0x0200f908                alt_release_fd
 .text          0x0200f988       0xb0 ../legocar_firmware_microc_bsp//libucosii_bsp.a(alt_sbrk.o)
                0x0200f988                sbrk
 .text          0x0200fa38      0x19c ../legocar_firmware_microc_bsp//libucosii_bsp.a(alt_tick.o)
                0x0200fa38                alt_alarm_stop
                0x0200fad0                alt_tick
 .text          0x0200fbd4      0x124 ../legocar_firmware_microc_bsp//libucosii_bsp.a(alt_usleep.o)
                0x0200fbd4                usleep
 .text          0x0200fcf8      0x140 ../legocar_firmware_microc_bsp//libucosii_bsp.a(alt_write.o)
                0x0200fd48                write
 .text          0x0200fe38      0x118 ../legocar_firmware_microc_bsp//libucosii_bsp.a(alt_env_lock.o)
                0x0200fe38                __env_lock
                0x0200fef0                __env_unlock
 .text          0x0200ff50      0x1e8 ../legocar_firmware_microc_bsp//libucosii_bsp.a(alt_malloc_lock.o)
                0x0200ff50                __malloc_lock
                0x02010064                __malloc_unlock
 .text          0x02010138     0x2024 ../legocar_firmware_microc_bsp//libucosii_bsp.a(os_core.o)
                0x02010138                OSEventNameGet
                0x02010258                OSEventNameSet
                0x0201039c                OSEventPendMulti
                0x020109d8                OSInit
                0x02010a2c                OSIntEnter
                0x02010aa8                OSIntExit
                0x02010b9c                OSSchedLock
                0x02010c24                OSSchedUnlock
                0x02010cfc                OSStart
                0x02010d68                OSStatInit
                0x02010e14                OSTimeTick
                0x02011034                OSVersion
                0x02011054                OS_Dummy
                0x02011070                OS_EventTaskRdy
                0x02011208                OS_EventTaskWait
                0x02011310                OS_EventTaskWaitMulti
                0x02011458                OS_EventTaskRemove
                0x02011508                OS_EventTaskRemoveMulti
                0x02011600                OS_EventWaitListInit
                0x020119cc                OS_MemClr
                0x02011a20                OS_MemCopy
                0x02011a8c                OS_Sched
                0x02011bc8                OS_StrCopy
                0x02011c44                OS_StrLen
                0x02011c98                OS_TaskIdle
                0x02011cf4                OS_TaskStat
                0x02011dbc                OS_TaskStatStkChk
                0x02011e84                OS_TCBInit
 .text          0x0201215c      0x18c ../legocar_firmware_microc_bsp//libucosii_bsp.a(os_dbg.o)
                0x0201215c                OSDebugInit
 .text          0x020122e8     0x1834 ../legocar_firmware_microc_bsp//libucosii_bsp.a(os_flag.o)
                0x020122e8                OSFlagAccept
                0x020125f0                OSFlagCreate
                0x02012718                OSFlagDel
                0x02012988                OSFlagNameGet
                0x02012ab8                OSFlagNameSet
                0x02012c0c                OSFlagPend
                0x0201320c                OSFlagPendGetFlagsRdy
                0x02013274                OSFlagPost
                0x02013608                OSFlagQuery
                0x0201388c                OS_FlagInit
                0x02013a7c                OS_FlagUnlink
 .text          0x02013b1c      0x790 ../legocar_firmware_microc_bsp//libucosii_bsp.a(os_mem.o)
                0x02013b1c                OSMemCreate
                0x02013d10                OSMemGet
                0x02013e00                OSMemNameGet
                0x02013ef8                OSMemNameSet
                0x02014014                OSMemPut
                0x020140ec                OSMemQuery
                0x020141d4                OS_MemInit
 .text          0x020142ac     0x1224 ../legocar_firmware_microc_bsp//libucosii_bsp.a(os_q.o)
                0x020142ac                OSQAccept
                0x020143ec                OSQCreate
                0x020145e4                OSQDel
                0x020148b4                OSQFlush
                0x0201496c                OSQPend
                0x02014c68                OSQPendAbort
                0x02014ddc                OSQPost
                0x02014f44                OSQPostFront
                0x020150b4                OSQPostOpt
                0x020152c0                OSQQuery
                0x02015424                OS_QInit
 .text          0x020154d0      0xb28 ../legocar_firmware_microc_bsp//libucosii_bsp.a(os_sem.o)
                0x020154d0                OSSemAccept
                0x02015580                OSSemCreate
                0x02015680                OSSemDel
                0x020158f0                OSSemPend
                0x02015b5c                OSSemPendAbort
                0x02015cd0                OSSemPost
                0x02015de0                OSSemQuery
                0x02015ef8                OSSemSet
 .text          0x02015ff8     0x18ec ../legocar_firmware_microc_bsp//libucosii_bsp.a(os_task.o)
                0x02015ff8                OSTaskChangePrio
                0x02016520                OSTaskCreate
                0x020166dc                OSTaskCreateExt
                0x020168d0                OSTaskDel
                0x02016cac                OSTaskDelReq
                0x02016e04                OSTaskNameGet
                0x02016fac                OSTaskNameSet
                0x02017170                OSTaskResume
                0x02017364                OSTaskStkChk
                0x02017538                OSTaskSuspend
                0x02017748                OSTaskQuery
                0x02017874                OS_TaskStkClr
 .text          0x020178e4      0x580 ../legocar_firmware_microc_bsp//libucosii_bsp.a(os_time.o)
                0x020178e4                OSTimeDly
                0x02017a2c                OSTimeDlyHMSM
                0x02017bb0                OSTimeDlyResume
                0x02017d9c                OSTimeGet
                0x02017e00                OSTimeSet
 .text          0x02017e64       0xf4 ../legocar_firmware_microc_bsp//libucosii_bsp.a(alt_sys_init.o)
                0x02017e9c                alt_irq_init
                0x02017ed0                alt_sys_init
 .text          0x02017f58      0x990 ../legocar_firmware_microc_bsp//libucosii_bsp.a(altera_avalon_epcs_flash_controller.o)
                0x02017f90                alt_epcs_flash_init
                0x02018358                alt_epcs_flash_write
                0x020185b8                alt_epcs_flash_get_info
                0x020186d8                alt_epcs_flash_erase_block
                0x0201874c                alt_epcs_flash_write_block
                0x02018850                alt_epcs_flash_read
 .text          0x020188e8      0x164 ../legocar_firmware_microc_bsp//libucosii_bsp.a(altera_avalon_jtag_uart_fd.o)
                0x020188e8                altera_avalon_jtag_uart_read_fd
                0x02018948                altera_avalon_jtag_uart_write_fd
                0x020189a8                altera_avalon_jtag_uart_close_fd
                0x020189f8                altera_avalon_jtag_uart_ioctl_fd
 .text          0x02018a4c      0x55c ../legocar_firmware_microc_bsp//libucosii_bsp.a(altera_avalon_jtag_uart_init.o)
                0x02018a4c                altera_avalon_jtag_uart_init
                0x02018f40                altera_avalon_jtag_uart_close
 .text          0x02018fa8       0xf4 ../legocar_firmware_microc_bsp//libucosii_bsp.a(altera_avalon_jtag_uart_ioctl.o)
                0x02018fa8                altera_avalon_jtag_uart_ioctl
 .text          0x0201909c      0x2c4 ../legocar_firmware_microc_bsp//libucosii_bsp.a(altera_avalon_jtag_uart_read.o)
                0x0201909c                altera_avalon_jtag_uart_read
 .text          0x02019360      0x2d0 ../legocar_firmware_microc_bsp//libucosii_bsp.a(altera_avalon_jtag_uart_write.o)
                0x02019360                altera_avalon_jtag_uart_write
 .text          0x02019630       0xfc ../legocar_firmware_microc_bsp//libucosii_bsp.a(altera_avalon_timer_sc.o)
                0x020196a4                alt_avalon_timer_sc_init
 .text          0x0201972c      0x110 ../legocar_firmware_microc_bsp//libucosii_bsp.a(altera_avalon_uart_fd.o)
                0x0201972c                altera_avalon_uart_read_fd
                0x0201978c                altera_avalon_uart_write_fd
                0x020197ec                altera_avalon_uart_close_fd
 .text          0x0201983c      0x518 ../legocar_firmware_microc_bsp//libucosii_bsp.a(altera_avalon_uart_init.o)
                0x0201983c                altera_avalon_uart_init
                0x02019d00                altera_avalon_uart_close
 .text          0x02019d54      0x2e4 ../legocar_firmware_microc_bsp//libucosii_bsp.a(altera_avalon_uart_read.o)
                0x02019da4                altera_avalon_uart_read
 .text          0x0201a038      0x288 ../legocar_firmware_microc_bsp//libucosii_bsp.a(altera_avalon_uart_write.o)
                0x0201a088                altera_avalon_uart_write
 .text          0x0201a2c0      0x624 ../legocar_firmware_microc_bsp//libucosii_bsp.a(epcs_commands.o)
                0x0201a2c0                epcs_read_status_register
                0x0201a38c                epcs_sector_erase
                0x0201a484                epcs_read_buffer
                0x0201a578                epcs_write_enable
                0x0201a5c8                epcs_write_status_register
                0x0201a630                epcs_write_buffer
                0x0201a74c                epcs_read_electronic_signature
                0x0201a7b4                epcs_read_device_id
                0x0201a834                epcs_enter_4_bytes_mode
                0x0201a88c                epcs_exit_4_bytes_mode
 .text          0x0201a8e4      0x140 ../legocar_firmware_microc_bsp//libucosii_bsp.a(alt_alarm_start.o)
                0x0201a8e4                alt_alarm_start
 .text          0x0201aa24      0x154 ../legocar_firmware_microc_bsp//libucosii_bsp.a(alt_busy_sleep.o)
                0x0201aa24                alt_busy_sleep
 .text          0x0201ab78       0xf0 ../legocar_firmware_microc_bsp//libucosii_bsp.a(alt_dev_llist_insert.o)
                0x0201abc8                alt_dev_llist_insert
 .text          0x0201ac68       0x5c ../legocar_firmware_microc_bsp//libucosii_bsp.a(alt_do_ctors.o)
                0x0201ac68                _do_ctors
 .text          0x0201acc4       0x5c ../legocar_firmware_microc_bsp//libucosii_bsp.a(alt_do_dtors.o)
                0x0201acc4                _do_dtors
 .text          0x0201ad20       0x90 ../legocar_firmware_microc_bsp//libucosii_bsp.a(alt_find_dev.o)
                0x0201ad20                alt_find_dev
 .text          0x0201adb0       0x1c ../legocar_firmware_microc_bsp//libucosii_bsp.a(alt_icache_flush_all.o)
                0x0201adb0                alt_icache_flush_all
 .text          0x0201adcc      0x1d8 ../legocar_firmware_microc_bsp//libucosii_bsp.a(alt_iic.o)
                0x0201adcc                alt_ic_isr_register
                0x0201ae1c                alt_ic_irq_enable
                0x0201aeb8                alt_ic_irq_disable
                0x0201af58                alt_ic_irq_enabled
 .text          0x0201afa4       0xf0 ../legocar_firmware_microc_bsp//libucosii_bsp.a(alt_iic_isr_register.o)
                0x0201afa4                alt_iic_isr_register
 .text          0x0201b094      0x158 ../legocar_firmware_microc_bsp//libucosii_bsp.a(alt_io_redirect.o)
                0x0201b174                alt_io_redirect
 .text          0x0201b1ec        0x0 ../legocar_firmware_microc_bsp//libucosii_bsp.a(alt_irq_entry.o)
 .text          0x0201b1ec        0x0 ../legocar_firmware_microc_bsp//libucosii_bsp.a(alt_irq_handler.o)
 .text          0x0201b1ec        0x0 ../legocar_firmware_microc_bsp//libucosii_bsp.a(alt_irq_vars.o)
 .text          0x0201b1ec      0x298 ../legocar_firmware_microc_bsp//libucosii_bsp.a(alt_open.o)
                0x0201b32c                open
 .text          0x0201b484       0x20 ../legocar_firmware_microc_bsp//libucosii_bsp.a(altera_nios2_irq.o)
                0x0201b484                altera_nios2_irq_init
 .text          0x0201b4a4       0xd0 ../legocar_firmware_microc_bsp//libucosii_bsp.a(os_cpu_a.o)
                0x0201b4a4                OSCtxSw
                0x0201b4a4                OSIntCtxSw
                0x0201b530                OSStartHighRdy
                0x0201b550                OSStartTsk
 .text          0x0201b574      0x3fc ../legocar_firmware_microc_bsp//libucosii_bsp.a(os_cpu_c.o)
                0x0201b574                OSTaskStkInit
                0x0201b868                OSTaskCreateHook
                0x0201b888                OSTaskDelHook
                0x0201b8a8                OSTaskSwHook
                0x0201b8c4                OSTaskStatHook
                0x0201b8e0                OSTimeTickHook
                0x0201b8fc                OSInitHookBegin
                0x0201b918                OSInitHookEnd
                0x0201b934                OSTaskIdleHook
                0x0201b950                OSTCBInitHook
 .text          0x0201b970      0x208 ../legocar_firmware_microc_bsp//libucosii_bsp.a(altera_avalon_spi.o)
                0x0201b970                alt_avalon_spi_command
 .text          0x0201bb78        0x0 ../legocar_firmware_microc_bsp//libucosii_bsp.a(alt_exception_entry.o)
 .text          0x0201bb78      0x114 ../legocar_firmware_microc_bsp//libucosii_bsp.a(alt_find_file.o)
                0x0201bb78                alt_find_file
 .text          0x0201bc8c      0x114 ../legocar_firmware_microc_bsp//libucosii_bsp.a(alt_get_fd.o)
                0x0201bc8c                alt_get_fd
 .text          0x0201bda0       0x14 /opt/altera/nios2eds/bin/gnu/H-i686-pc-linux-gnu/bin/../lib/gcc/nios2-elf/4.7.3/../../../../../H-i686-pc-linux-gnu/nios2-elf/lib/mno-hw-mul/libc.a(lib_a-atexit.o)
                0x0201bda0                atexit
 .text          0x0201bdb4       0x38 /opt/altera/nios2eds/bin/gnu/H-i686-pc-linux-gnu/bin/../lib/gcc/nios2-elf/4.7.3/../../../../../H-i686-pc-linux-gnu/nios2-elf/lib/mno-hw-mul/libc.a(lib_a-exit.o)
                0x0201bdb4                exit
 .text          0x0201bdec       0x7c /opt/altera/nios2eds/bin/gnu/H-i686-pc-linux-gnu/bin/../lib/gcc/nios2-elf/4.7.3/../../../../../H-i686-pc-linux-gnu/nios2-elf/lib/mno-hw-mul/libc.a(lib_a-memcmp.o)
                0x0201bdec                memcmp
 .text          0x0201be68      0x130 /opt/altera/nios2eds/bin/gnu/H-i686-pc-linux-gnu/bin/../lib/gcc/nios2-elf/4.7.3/../../../../../H-i686-pc-linux-gnu/nios2-elf/lib/mno-hw-mul/libc.a(lib_a-__atexit.o)
                0x0201be68                __register_exitproc
 .text          0x0201bf98      0x1a0 /opt/altera/nios2eds/bin/gnu/H-i686-pc-linux-gnu/bin/../lib/gcc/nios2-elf/4.7.3/../../../../../H-i686-pc-linux-gnu/nios2-elf/lib/mno-hw-mul/libc.a(lib_a-__call_atexit.o)
                0x0201bf98                __call_exitprocs
 *(.gnu.warning.*)
 *(.fini)
                0x0201c138                PROVIDE (__etext, ABSOLUTE (.))
                0x0201c138                PROVIDE (_etext, ABSOLUTE (.))
                0x0201c138                PROVIDE (etext, ABSOLUTE (.))
 *(.eh_frame_hdr)
                0x0201c138                . = ALIGN (0x4)
                0x0201c138                PROVIDE (__preinit_array_start, ABSOLUTE (.))
 *(.preinit_array)
                0x0201c138                PROVIDE (__preinit_array_end, ABSOLUTE (.))
                0x0201c138                PROVIDE (__init_array_start, ABSOLUTE (.))
 *(.init_array)
                0x0201c138                PROVIDE (__init_array_end, ABSOLUTE (.))
                0x0201c138                PROVIDE (__fini_array_start, ABSOLUTE (.))
 *(.fini_array)
                0x0201c138                PROVIDE (__fini_array_end, ABSOLUTE (.))
 *(.eh_frame)
 *(.gcc_except_table .gcc_except_table.*)
 *(.dynamic)
                0x0201c138                PROVIDE (__CTOR_LIST__, ABSOLUTE (.))
 *(.ctors)
 *(SORT(.ctors.*))
                0x0201c138                PROVIDE (__CTOR_END__, ABSOLUTE (.))
                0x0201c138                PROVIDE (__DTOR_LIST__, ABSOLUTE (.))
 *(.dtors)
 *(SORT(.dtors.*))
                0x0201c138                PROVIDE (__DTOR_END__, ABSOLUTE (.))
 *(.jcr)
                0x0201c138                . = ALIGN (0x4)

.rodata         0x0201c138      0x8bc
                0x0201c138                PROVIDE (__ram_rodata_start, ABSOLUTE (.))
                0x0201c138                . = ALIGN (0x4)
 *(.rodata .rodata.* .gnu.linkonce.r.*)
 .rodata        0x0201c138       0x78 obj/default/ins.o
 .rodata        0x0201c1b0       0x3c obj/default/legocar.o
 .rodata        0x0201c1ec      0x158 obj/default/main.o
 .rodata        0x0201c344       0x34 obj/default/pwm_motor.o
 .rodata        0x0201c378      0x198 obj/default/terasic_lib/flash.o
 .rodata        0x0201c510       0x18 obj/default/wheel_direction.o
 .rodata        0x0201c528       0x10 /opt/altera/nios2eds/bin/gnu/H-i686-pc-linux-gnu/bin/../lib/gcc/nios2-elf/4.7.3/mno-hw-mul/libgcc.a(_thenan_sf.o)
                0x0201c528                __thenan_sf
 .rodata        0x0201c538       0x14 /opt/altera/nios2eds/bin/gnu/H-i686-pc-linux-gnu/bin/../lib/gcc/nios2-elf/4.7.3/mno-hw-mul/libgcc.a(_thenan_df.o)
                0x0201c538                __thenan_df
 .rodata        0x0201c54c      0x100 /opt/altera/nios2eds/bin/gnu/H-i686-pc-linux-gnu/bin/../lib/gcc/nios2-elf/4.7.3/mno-hw-mul/libgcc.a(_clz.o)
                0x0201c54c                __clz_tab
 .rodata.str1.4
                0x0201c64c       0x3f /opt/altera/nios2eds/bin/gnu/H-i686-pc-linux-gnu/bin/../lib/gcc/nios2-elf/4.7.3/../../../../../H-i686-pc-linux-gnu/nios2-elf/lib/mno-hw-mul/libc.a(lib_a-assert.o)
                                 0x44 (size before relaxing)
 *fill*         0x0201c68b        0x1 
 .rodata.str1.4
                0x0201c68c        0x2 /opt/altera/nios2eds/bin/gnu/H-i686-pc-linux-gnu/bin/../lib/gcc/nios2-elf/4.7.3/../../../../../H-i686-pc-linux-gnu/nios2-elf/lib/mno-hw-mul/libc.a(lib_a-impure.o)
                                  0x4 (size before relaxing)
 *fill*         0x0201c68e        0x2 
 .rodata.str1.4
                0x0201c690        0x2 /opt/altera/nios2eds/bin/gnu/H-i686-pc-linux-gnu/bin/../lib/gcc/nios2-elf/4.7.3/../../../../../H-i686-pc-linux-gnu/nios2-elf/lib/mno-hw-mul/libc.a(lib_a-puts.o)
                                  0x4 (size before relaxing)
 *fill*         0x0201c692        0x2 
 .rodata.str1.4
                0x0201c694       0x42 /opt/altera/nios2eds/bin/gnu/H-i686-pc-linux-gnu/bin/../lib/gcc/nios2-elf/4.7.3/../../../../../H-i686-pc-linux-gnu/nios2-elf/lib/mno-hw-mul/libc.a(lib_a-vfprintf.o)
                                 0x44 (size before relaxing)
 .rodata        0x0201c6d6       0x20 /opt/altera/nios2eds/bin/gnu/H-i686-pc-linux-gnu/bin/../lib/gcc/nios2-elf/4.7.3/../../../../../H-i686-pc-linux-gnu/nios2-elf/lib/mno-hw-mul/libc.a(lib_a-vfprintf.o)
 *fill*         0x0201c6f6        0x2 
 .rodata.str1.4
                0x0201c6f8       0x10 /opt/altera/nios2eds/bin/gnu/H-i686-pc-linux-gnu/bin/../lib/gcc/nios2-elf/4.7.3/../../../../../H-i686-pc-linux-gnu/nios2-elf/lib/mno-hw-mul/libc.a(lib_a-dtoa.o)
                                 0x14 (size before relaxing)
 .rodata.str1.4
                0x0201c708       0x10 /opt/altera/nios2eds/bin/gnu/H-i686-pc-linux-gnu/bin/../lib/gcc/nios2-elf/4.7.3/../../../../../H-i686-pc-linux-gnu/nios2-elf/lib/mno-hw-mul/libc.a(lib_a-locale.o)
                                 0x18 (size before relaxing)
 .rodata        0x0201c718       0x30 /opt/altera/nios2eds/bin/gnu/H-i686-pc-linux-gnu/bin/../lib/gcc/nios2-elf/4.7.3/../../../../../H-i686-pc-linux-gnu/nios2-elf/lib/mno-hw-mul/libc.a(lib_a-locale.o)
 .rodata        0x0201c748      0x124 /opt/altera/nios2eds/bin/gnu/H-i686-pc-linux-gnu/bin/../lib/gcc/nios2-elf/4.7.3/../../../../../H-i686-pc-linux-gnu/nios2-elf/lib/mno-hw-mul/libc.a(lib_a-mprec.o)
                0x0201c748                __mprec_tinytens
                0x0201c770                __mprec_bigtens
                0x0201c798                __mprec_tens
 .rodata.str1.4
                0x00000000       0x30 /opt/altera/nios2eds/bin/gnu/H-i686-pc-linux-gnu/bin/../lib/gcc/nios2-elf/4.7.3/../../../../../H-i686-pc-linux-gnu/nios2-elf/lib/mno-hw-mul/libc.a(lib_a-vfiprintf.o)
 .rodata        0x0201c86c       0x20 /opt/altera/nios2eds/bin/gnu/H-i686-pc-linux-gnu/bin/../lib/gcc/nios2-elf/4.7.3/../../../../../H-i686-pc-linux-gnu/nios2-elf/lib/mno-hw-mul/libc.a(lib_a-vfiprintf.o)
 .rodata        0x0201c88c        0xc ../legocar_firmware_microc_bsp//libucosii_bsp.a(alt_dev.o)
 .rodata        0x0201c898       0x10 ../legocar_firmware_microc_bsp//libucosii_bsp.a(alt_main.o)
 .rodata        0x0201c8a8      0x120 ../legocar_firmware_microc_bsp//libucosii_bsp.a(os_core.o)
                0x0201c8a8                OSUnMapTbl
 .rodata        0x0201c9c8       0x28 ../legocar_firmware_microc_bsp//libucosii_bsp.a(alt_sys_init.o)
 .rodata        0x0201c9f0        0x4 ../legocar_firmware_microc_bsp//libucosii_bsp.a(os_cpu_c.o)
 *(.rodata1)
                0x0201c9f4                . = ALIGN (0x4)
                0x0201c9f4                PROVIDE (__ram_rodata_end, ABSOLUTE (.))
                0x0201c138                PROVIDE (__flash_rodata_start, LOADADDR (.rodata))

.rwdata         0x0201c9f4     0x1c90 load address 0x0201e684
                0x0201c9f4                PROVIDE (__ram_rwdata_start, ABSOLUTE (.))
                0x0201c9f4                . = ALIGN (0x4)
 *(.got.plt)
 *(.got)
 *(.data1)
 *(.data .data.* .gnu.linkonce.d.*)
 .data          0x0201c9f4        0x0 ../legocar_firmware_microc_bsp//obj/HAL/src/crt0.o
 .data          0x0201c9f4        0x0 obj/default/ins.o
 .data          0x0201c9f4        0x0 obj/default/legocar.o
 .data          0x0201c9f4        0x0 obj/default/main.o
 .data          0x0201c9f4        0x0 obj/default/pwm_motor.o
 .data          0x0201c9f4        0x0 obj/default/terasic_lib/I2C.o
 .data          0x0201c9f4        0x0 obj/default/terasic_lib/accelerometer_adxl345_spi.o
 .data          0x0201c9f4        0x0 obj/default/terasic_lib/adc_spi_read.o
 .data          0x0201c9f4        0x0 obj/default/terasic_lib/flash.o
 .data          0x0201c9f4        0x0 obj/default/terasic_lib/terasic_spi.o
 .data          0x0201c9f4        0x0 obj/default/wheel_direction.o
 .data          0x0201c9f4        0x0 /opt/altera/nios2eds/bin/gnu/H-i686-pc-linux-gnu/bin/../lib/gcc/nios2-elf/4.7.3/mno-hw-mul/libgcc.a(_fixunsdfsi.o)
 .data          0x0201c9f4        0x0 /opt/altera/nios2eds/bin/gnu/H-i686-pc-linux-gnu/bin/../lib/gcc/nios2-elf/4.7.3/mno-hw-mul/libgcc.a(_addsub_sf.o)
 .data          0x0201c9f4        0x0 /opt/altera/nios2eds/bin/gnu/H-i686-pc-linux-gnu/bin/../lib/gcc/nios2-elf/4.7.3/mno-hw-mul/libgcc.a(_mul_sf.o)
 .data          0x0201c9f4        0x0 /opt/altera/nios2eds/bin/gnu/H-i686-pc-linux-gnu/bin/../lib/gcc/nios2-elf/4.7.3/mno-hw-mul/libgcc.a(_gt_sf.o)
 .data          0x0201c9f4        0x0 /opt/altera/nios2eds/bin/gnu/H-i686-pc-linux-gnu/bin/../lib/gcc/nios2-elf/4.7.3/mno-hw-mul/libgcc.a(_ge_sf.o)
 .data          0x0201c9f4        0x0 /opt/altera/nios2eds/bin/gnu/H-i686-pc-linux-gnu/bin/../lib/gcc/nios2-elf/4.7.3/mno-hw-mul/libgcc.a(_le_sf.o)
 .data          0x0201c9f4        0x0 /opt/altera/nios2eds/bin/gnu/H-i686-pc-linux-gnu/bin/../lib/gcc/nios2-elf/4.7.3/mno-hw-mul/libgcc.a(_sf_to_si.o)
 .data          0x0201c9f4        0x0 /opt/altera/nios2eds/bin/gnu/H-i686-pc-linux-gnu/bin/../lib/gcc/nios2-elf/4.7.3/mno-hw-mul/libgcc.a(_sf_to_df.o)
 .data          0x0201c9f4        0x0 /opt/altera/nios2eds/bin/gnu/H-i686-pc-linux-gnu/bin/../lib/gcc/nios2-elf/4.7.3/mno-hw-mul/libgcc.a(_thenan_sf.o)
 .data          0x0201c9f4        0x0 /opt/altera/nios2eds/bin/gnu/H-i686-pc-linux-gnu/bin/../lib/gcc/nios2-elf/4.7.3/mno-hw-mul/libgcc.a(_usi_to_sf.o)
 .data          0x0201c9f4        0x0 /opt/altera/nios2eds/bin/gnu/H-i686-pc-linux-gnu/bin/../lib/gcc/nios2-elf/4.7.3/mno-hw-mul/libgcc.a(_addsub_df.o)
 .data          0x0201c9f4        0x0 /opt/altera/nios2eds/bin/gnu/H-i686-pc-linux-gnu/bin/../lib/gcc/nios2-elf/4.7.3/mno-hw-mul/libgcc.a(_mul_df.o)
 .data          0x0201c9f4        0x0 /opt/altera/nios2eds/bin/gnu/H-i686-pc-linux-gnu/bin/../lib/gcc/nios2-elf/4.7.3/mno-hw-mul/libgcc.a(_div_df.o)
 .data          0x0201c9f4        0x0 /opt/altera/nios2eds/bin/gnu/H-i686-pc-linux-gnu/bin/../lib/gcc/nios2-elf/4.7.3/mno-hw-mul/libgcc.a(_eq_df.o)
 .data          0x0201c9f4        0x0 /opt/altera/nios2eds/bin/gnu/H-i686-pc-linux-gnu/bin/../lib/gcc/nios2-elf/4.7.3/mno-hw-mul/libgcc.a(_ge_df.o)
 .data          0x0201c9f4        0x0 /opt/altera/nios2eds/bin/gnu/H-i686-pc-linux-gnu/bin/../lib/gcc/nios2-elf/4.7.3/mno-hw-mul/libgcc.a(_si_to_df.o)
 .data          0x0201c9f4        0x0 /opt/altera/nios2eds/bin/gnu/H-i686-pc-linux-gnu/bin/../lib/gcc/nios2-elf/4.7.3/mno-hw-mul/libgcc.a(_df_to_si.o)
 .data          0x0201c9f4        0x0 /opt/altera/nios2eds/bin/gnu/H-i686-pc-linux-gnu/bin/../lib/gcc/nios2-elf/4.7.3/mno-hw-mul/libgcc.a(_make_df.o)
 .data          0x0201c9f4        0x0 /opt/altera/nios2eds/bin/gnu/H-i686-pc-linux-gnu/bin/../lib/gcc/nios2-elf/4.7.3/mno-hw-mul/libgcc.a(_df_to_sf.o)
 .data          0x0201c9f4        0x0 /opt/altera/nios2eds/bin/gnu/H-i686-pc-linux-gnu/bin/../lib/gcc/nios2-elf/4.7.3/mno-hw-mul/libgcc.a(_thenan_df.o)
 .data          0x0201c9f4        0x0 /opt/altera/nios2eds/bin/gnu/H-i686-pc-linux-gnu/bin/../lib/gcc/nios2-elf/4.7.3/mno-hw-mul/libgcc.a(lib2-divmod.o)
 .data          0x0201c9f4        0x0 /opt/altera/nios2eds/bin/gnu/H-i686-pc-linux-gnu/bin/../lib/gcc/nios2-elf/4.7.3/mno-hw-mul/libgcc.a(_muldi3.o)
 .data          0x0201c9f4        0x0 /opt/altera/nios2eds/bin/gnu/H-i686-pc-linux-gnu/bin/../lib/gcc/nios2-elf/4.7.3/mno-hw-mul/libgcc.a(_clzsi2.o)
 .data          0x0201c9f4        0x0 /opt/altera/nios2eds/bin/gnu/H-i686-pc-linux-gnu/bin/../lib/gcc/nios2-elf/4.7.3/mno-hw-mul/libgcc.a(_pack_sf.o)
 .data          0x0201c9f4        0x0 /opt/altera/nios2eds/bin/gnu/H-i686-pc-linux-gnu/bin/../lib/gcc/nios2-elf/4.7.3/mno-hw-mul/libgcc.a(_unpack_sf.o)
 .data          0x0201c9f4        0x0 /opt/altera/nios2eds/bin/gnu/H-i686-pc-linux-gnu/bin/../lib/gcc/nios2-elf/4.7.3/mno-hw-mul/libgcc.a(_fpcmp_parts_sf.o)
 .data          0x0201c9f4        0x0 /opt/altera/nios2eds/bin/gnu/H-i686-pc-linux-gnu/bin/../lib/gcc/nios2-elf/4.7.3/mno-hw-mul/libgcc.a(_make_sf.o)
 .data          0x0201c9f4        0x0 /opt/altera/nios2eds/bin/gnu/H-i686-pc-linux-gnu/bin/../lib/gcc/nios2-elf/4.7.3/mno-hw-mul/libgcc.a(_pack_df.o)
 .data          0x0201c9f4        0x0 /opt/altera/nios2eds/bin/gnu/H-i686-pc-linux-gnu/bin/../lib/gcc/nios2-elf/4.7.3/mno-hw-mul/libgcc.a(_unpack_df.o)
 .data          0x0201c9f4        0x0 /opt/altera/nios2eds/bin/gnu/H-i686-pc-linux-gnu/bin/../lib/gcc/nios2-elf/4.7.3/mno-hw-mul/libgcc.a(_fpcmp_parts_df.o)
 .data          0x0201c9f4        0x0 /opt/altera/nios2eds/bin/gnu/H-i686-pc-linux-gnu/bin/../lib/gcc/nios2-elf/4.7.3/mno-hw-mul/libgcc.a(lib2-mul.o)
 .data          0x0201c9f4        0x0 /opt/altera/nios2eds/bin/gnu/H-i686-pc-linux-gnu/bin/../lib/gcc/nios2-elf/4.7.3/mno-hw-mul/libgcc.a(_lshrdi3.o)
 .data          0x0201c9f4        0x0 /opt/altera/nios2eds/bin/gnu/H-i686-pc-linux-gnu/bin/../lib/gcc/nios2-elf/4.7.3/mno-hw-mul/libgcc.a(_ashldi3.o)
 .data          0x0201c9f4        0x0 /opt/altera/nios2eds/bin/gnu/H-i686-pc-linux-gnu/bin/../lib/gcc/nios2-elf/4.7.3/mno-hw-mul/libgcc.a(_clz.o)
 .data          0x0201c9f4        0x0 /opt/altera/nios2eds/bin/gnu/H-i686-pc-linux-gnu/bin/../lib/gcc/nios2-elf/4.7.3/../../../../../H-i686-pc-linux-gnu/nios2-elf/lib/mno-hw-mul/libc.a(lib_a-assert.o)
 .data          0x0201c9f4        0x0 /opt/altera/nios2eds/bin/gnu/H-i686-pc-linux-gnu/bin/../lib/gcc/nios2-elf/4.7.3/../../../../../H-i686-pc-linux-gnu/nios2-elf/lib/mno-hw-mul/libc.a(lib_a-fiprintf.o)
 .data          0x0201c9f4      0x400 /opt/altera/nios2eds/bin/gnu/H-i686-pc-linux-gnu/bin/../lib/gcc/nios2-elf/4.7.3/../../../../../H-i686-pc-linux-gnu/nios2-elf/lib/mno-hw-mul/libc.a(lib_a-impure.o)
 .data          0x0201cdf4        0x0 /opt/altera/nios2eds/bin/gnu/H-i686-pc-linux-gnu/bin/../lib/gcc/nios2-elf/4.7.3/../../../../../H-i686-pc-linux-gnu/nios2-elf/lib/mno-hw-mul/libc.a(lib_a-malloc.o)
 .data          0x0201cdf4      0x408 /opt/altera/nios2eds/bin/gnu/H-i686-pc-linux-gnu/bin/../lib/gcc/nios2-elf/4.7.3/../../../../../H-i686-pc-linux-gnu/nios2-elf/lib/mno-hw-mul/libc.a(lib_a-mallocr.o)
                0x0201cdf4                __malloc_av_
 .data          0x0201d1fc        0x0 /opt/altera/nios2eds/bin/gnu/H-i686-pc-linux-gnu/bin/../lib/gcc/nios2-elf/4.7.3/../../../../../H-i686-pc-linux-gnu/nios2-elf/lib/mno-hw-mul/libc.a(lib_a-printf.o)
 .data          0x0201d1fc        0x0 /opt/altera/nios2eds/bin/gnu/H-i686-pc-linux-gnu/bin/../lib/gcc/nios2-elf/4.7.3/../../../../../H-i686-pc-linux-gnu/nios2-elf/lib/mno-hw-mul/libc.a(lib_a-puts.o)
 .data          0x0201d1fc        0x0 /opt/altera/nios2eds/bin/gnu/H-i686-pc-linux-gnu/bin/../lib/gcc/nios2-elf/4.7.3/../../../../../H-i686-pc-linux-gnu/nios2-elf/lib/mno-hw-mul/libc.a(lib_a-sbrkr.o)
 .data          0x0201d1fc        0x0 /opt/altera/nios2eds/bin/gnu/H-i686-pc-linux-gnu/bin/../lib/gcc/nios2-elf/4.7.3/../../../../../H-i686-pc-linux-gnu/nios2-elf/lib/mno-hw-mul/libc.a(lib_a-strlen.o)
 .data          0x0201d1fc        0x0 /opt/altera/nios2eds/bin/gnu/H-i686-pc-linux-gnu/bin/../lib/gcc/nios2-elf/4.7.3/../../../../../H-i686-pc-linux-gnu/nios2-elf/lib/mno-hw-mul/libc.a(lib_a-vfiprintfr_1.o)
 .data          0x0201d1fc        0x0 /opt/altera/nios2eds/bin/gnu/H-i686-pc-linux-gnu/bin/../lib/gcc/nios2-elf/4.7.3/../../../../../H-i686-pc-linux-gnu/nios2-elf/lib/mno-hw-mul/libc.a(lib_a-vfprintf.o)
 .data          0x0201d1fc        0x0 /opt/altera/nios2eds/bin/gnu/H-i686-pc-linux-gnu/bin/../lib/gcc/nios2-elf/4.7.3/../../../../../H-i686-pc-linux-gnu/nios2-elf/lib/mno-hw-mul/libc.a(lib_a-wsetup.o)
 .data          0x0201d1fc        0x0 /opt/altera/nios2eds/bin/gnu/H-i686-pc-linux-gnu/bin/../lib/gcc/nios2-elf/4.7.3/../../../../../H-i686-pc-linux-gnu/nios2-elf/lib/mno-hw-mul/libc.a(lib_a-abort.o)
 .data          0x0201d1fc        0x0 /opt/altera/nios2eds/bin/gnu/H-i686-pc-linux-gnu/bin/../lib/gcc/nios2-elf/4.7.3/../../../../../H-i686-pc-linux-gnu/nios2-elf/lib/mno-hw-mul/libc.a(lib_a-dtoa.o)
 .data          0x0201d1fc        0x0 /opt/altera/nios2eds/bin/gnu/H-i686-pc-linux-gnu/bin/../lib/gcc/nios2-elf/4.7.3/../../../../../H-i686-pc-linux-gnu/nios2-elf/lib/mno-hw-mul/libc.a(lib_a-fflush.o)
 .data          0x0201d1fc        0x0 /opt/altera/nios2eds/bin/gnu/H-i686-pc-linux-gnu/bin/../lib/gcc/nios2-elf/4.7.3/../../../../../H-i686-pc-linux-gnu/nios2-elf/lib/mno-hw-mul/libc.a(lib_a-findfp.o)
 .data          0x0201d1fc        0x0 /opt/altera/nios2eds/bin/gnu/H-i686-pc-linux-gnu/bin/../lib/gcc/nios2-elf/4.7.3/../../../../../H-i686-pc-linux-gnu/nios2-elf/lib/mno-hw-mul/libc.a(lib_a-freer.o)
 .data          0x0201d1fc        0x0 /opt/altera/nios2eds/bin/gnu/H-i686-pc-linux-gnu/bin/../lib/gcc/nios2-elf/4.7.3/../../../../../H-i686-pc-linux-gnu/nios2-elf/lib/mno-hw-mul/libc.a(lib_a-fvwrite.o)
 .data          0x0201d1fc        0x0 /opt/altera/nios2eds/bin/gnu/H-i686-pc-linux-gnu/bin/../lib/gcc/nios2-elf/4.7.3/../../../../../H-i686-pc-linux-gnu/nios2-elf/lib/mno-hw-mul/libc.a(lib_a-fwalk.o)
 .data          0x0201d1fc        0x0 /opt/altera/nios2eds/bin/gnu/H-i686-pc-linux-gnu/bin/../lib/gcc/nios2-elf/4.7.3/../../../../../H-i686-pc-linux-gnu/nios2-elf/lib/mno-hw-mul/libc.a(lib_a-int_errno.o)
 .data          0x0201d1fc        0xc /opt/altera/nios2eds/bin/gnu/H-i686-pc-linux-gnu/bin/../lib/gcc/nios2-elf/4.7.3/../../../../../H-i686-pc-linux-gnu/nios2-elf/lib/mno-hw-mul/libc.a(lib_a-locale.o)
                0x0201d1fc                __lc_ctype
 .data          0x0201d208        0x0 /opt/altera/nios2eds/bin/gnu/H-i686-pc-linux-gnu/bin/../lib/gcc/nios2-elf/4.7.3/../../../../../H-i686-pc-linux-gnu/nios2-elf/lib/mno-hw-mul/libc.a(lib_a-makebuf.o)
 .data          0x0201d208        0x0 /opt/altera/nios2eds/bin/gnu/H-i686-pc-linux-gnu/bin/../lib/gcc/nios2-elf/4.7.3/../../../../../H-i686-pc-linux-gnu/nios2-elf/lib/mno-hw-mul/libc.a(lib_a-memchr.o)
 .data          0x0201d208        0x0 /opt/altera/nios2eds/bin/gnu/H-i686-pc-linux-gnu/bin/../lib/gcc/nios2-elf/4.7.3/../../../../../H-i686-pc-linux-gnu/nios2-elf/lib/mno-hw-mul/libc.a(lib_a-memcpy.o)
 .data          0x0201d208        0x0 /opt/altera/nios2eds/bin/gnu/H-i686-pc-linux-gnu/bin/../lib/gcc/nios2-elf/4.7.3/../../../../../H-i686-pc-linux-gnu/nios2-elf/lib/mno-hw-mul/libc.a(lib_a-memmove.o)
 .data          0x0201d208        0x0 /opt/altera/nios2eds/bin/gnu/H-i686-pc-linux-gnu/bin/../lib/gcc/nios2-elf/4.7.3/../../../../../H-i686-pc-linux-gnu/nios2-elf/lib/mno-hw-mul/libc.a(lib_a-memset.o)
 .data          0x0201d208        0x0 /opt/altera/nios2eds/bin/gnu/H-i686-pc-linux-gnu/bin/../lib/gcc/nios2-elf/4.7.3/../../../../../H-i686-pc-linux-gnu/nios2-elf/lib/mno-hw-mul/libc.a(lib_a-mprec.o)
 .data          0x0201d208        0x0 /opt/altera/nios2eds/bin/gnu/H-i686-pc-linux-gnu/bin/../lib/gcc/nios2-elf/4.7.3/../../../../../H-i686-pc-linux-gnu/nios2-elf/lib/mno-hw-mul/libc.a(lib_a-reallocr.o)
 .data          0x0201d208        0x0 /opt/altera/nios2eds/bin/gnu/H-i686-pc-linux-gnu/bin/../lib/gcc/nios2-elf/4.7.3/../../../../../H-i686-pc-linux-gnu/nios2-elf/lib/mno-hw-mul/libc.a(lib_a-s_isinfd.o)
 .data          0x0201d208        0x0 /opt/altera/nios2eds/bin/gnu/H-i686-pc-linux-gnu/bin/../lib/gcc/nios2-elf/4.7.3/../../../../../H-i686-pc-linux-gnu/nios2-elf/lib/mno-hw-mul/libc.a(lib_a-s_isnand.o)
 .data          0x0201d208        0x0 /opt/altera/nios2eds/bin/gnu/H-i686-pc-linux-gnu/bin/../lib/gcc/nios2-elf/4.7.3/../../../../../H-i686-pc-linux-gnu/nios2-elf/lib/mno-hw-mul/libc.a(lib_a-signal.o)
 .data          0x0201d208        0x0 /opt/altera/nios2eds/bin/gnu/H-i686-pc-linux-gnu/bin/../lib/gcc/nios2-elf/4.7.3/../../../../../H-i686-pc-linux-gnu/nios2-elf/lib/mno-hw-mul/libc.a(lib_a-signalr.o)
 .data          0x0201d208        0x0 /opt/altera/nios2eds/bin/gnu/H-i686-pc-linux-gnu/bin/../lib/gcc/nios2-elf/4.7.3/../../../../../H-i686-pc-linux-gnu/nios2-elf/lib/mno-hw-mul/libc.a(lib_a-stdio.o)
 .data          0x0201d208        0x0 /opt/altera/nios2eds/bin/gnu/H-i686-pc-linux-gnu/bin/../lib/gcc/nios2-elf/4.7.3/../../../../../H-i686-pc-linux-gnu/nios2-elf/lib/mno-hw-mul/libc.a(lib_a-strcmp.o)
 .data          0x0201d208        0x0 /opt/altera/nios2eds/bin/gnu/H-i686-pc-linux-gnu/bin/../lib/gcc/nios2-elf/4.7.3/../../../../../H-i686-pc-linux-gnu/nios2-elf/lib/mno-hw-mul/libc.a(lib_a-vfiprintf.o)
 .data          0x0201d208        0x0 /opt/altera/nios2eds/bin/gnu/H-i686-pc-linux-gnu/bin/../lib/gcc/nios2-elf/4.7.3/../../../../../H-i686-pc-linux-gnu/nios2-elf/lib/mno-hw-mul/libc.a(lib_a-writer.o)
 .data          0x0201d208        0x0 /opt/altera/nios2eds/bin/gnu/H-i686-pc-linux-gnu/bin/../lib/gcc/nios2-elf/4.7.3/../../../../../H-i686-pc-linux-gnu/nios2-elf/lib/mno-hw-mul/libc.a(lib_a-callocr.o)
 .data          0x0201d208        0x0 /opt/altera/nios2eds/bin/gnu/H-i686-pc-linux-gnu/bin/../lib/gcc/nios2-elf/4.7.3/../../../../../H-i686-pc-linux-gnu/nios2-elf/lib/mno-hw-mul/libc.a(lib_a-closer.o)
 .data          0x0201d208        0x0 /opt/altera/nios2eds/bin/gnu/H-i686-pc-linux-gnu/bin/../lib/gcc/nios2-elf/4.7.3/../../../../../H-i686-pc-linux-gnu/nios2-elf/lib/mno-hw-mul/libc.a(lib_a-fclose.o)
 .data          0x0201d208        0x0 /opt/altera/nios2eds/bin/gnu/H-i686-pc-linux-gnu/bin/../lib/gcc/nios2-elf/4.7.3/../../../../../H-i686-pc-linux-gnu/nios2-elf/lib/mno-hw-mul/libc.a(lib_a-fstatr.o)
 .data          0x0201d208        0x0 /opt/altera/nios2eds/bin/gnu/H-i686-pc-linux-gnu/bin/../lib/gcc/nios2-elf/4.7.3/../../../../../H-i686-pc-linux-gnu/nios2-elf/lib/mno-hw-mul/libc.a(lib_a-isattyr.o)
 .data          0x0201d208        0x0 /opt/altera/nios2eds/bin/gnu/H-i686-pc-linux-gnu/bin/../lib/gcc/nios2-elf/4.7.3/../../../../../H-i686-pc-linux-gnu/nios2-elf/lib/mno-hw-mul/libc.a(lib_a-lseekr.o)
 .data          0x0201d208        0x0 /opt/altera/nios2eds/bin/gnu/H-i686-pc-linux-gnu/bin/../lib/gcc/nios2-elf/4.7.3/../../../../../H-i686-pc-linux-gnu/nios2-elf/lib/mno-hw-mul/libc.a(lib_a-readr.o)
 .data          0x0201d208        0x0 /opt/altera/nios2eds/bin/gnu/H-i686-pc-linux-gnu/bin/../lib/gcc/nios2-elf/4.7.3/mno-hw-mul/libgcc.a(_udivdi3.o)
 .data          0x0201d208        0x0 /opt/altera/nios2eds/bin/gnu/H-i686-pc-linux-gnu/bin/../lib/gcc/nios2-elf/4.7.3/mno-hw-mul/libgcc.a(_umoddi3.o)
 .data          0x0201d208        0x0 /opt/altera/nios2eds/bin/gnu/H-i686-pc-linux-gnu/bin/../lib/gcc/nios2-elf/4.7.3/mno-hw-mul/libgcc.a(_ne_df.o)
 .data          0x0201d208        0x0 /opt/altera/nios2eds/bin/gnu/H-i686-pc-linux-gnu/bin/../lib/gcc/nios2-elf/4.7.3/mno-hw-mul/libgcc.a(_gt_df.o)
 .data          0x0201d208        0x0 /opt/altera/nios2eds/bin/gnu/H-i686-pc-linux-gnu/bin/../lib/gcc/nios2-elf/4.7.3/mno-hw-mul/libgcc.a(_lt_df.o)
 .data          0x0201d208        0x0 /opt/altera/nios2eds/bin/gnu/H-i686-pc-linux-gnu/bin/../lib/gcc/nios2-elf/4.7.3/mno-hw-mul/libgcc.a(_usi_to_df.o)
 .data          0x0201d208        0x0 ../legocar_firmware_microc_bsp//libucosii_bsp.a(alt_close.o)
 .data          0x0201d208        0x0 ../legocar_firmware_microc_bsp//libucosii_bsp.a(alt_dcache_flush.o)
 .data          0x0201d208        0x0 ../legocar_firmware_microc_bsp//libucosii_bsp.a(alt_dcache_flush_all.o)
 .data          0x0201d208      0x1a8 ../legocar_firmware_microc_bsp//libucosii_bsp.a(alt_dev.o)
                0x0201d208                alt_dev_null
                0x0201d230                alt_fd_list
 .data          0x0201d3b0        0x0 ../legocar_firmware_microc_bsp//libucosii_bsp.a(alt_errno.o)
 .data          0x0201d3b0        0x0 ../legocar_firmware_microc_bsp//libucosii_bsp.a(alt_exit.o)
 .data          0x0201d3b0        0x0 ../legocar_firmware_microc_bsp//libucosii_bsp.a(alt_flash_dev.o)
 .data          0x0201d3b0        0x0 ../legocar_firmware_microc_bsp//libucosii_bsp.a(alt_fstat.o)
 .data          0x0201d3b0        0x0 ../legocar_firmware_microc_bsp//libucosii_bsp.a(alt_getpid.o)
 .data          0x0201d3b0        0x0 ../legocar_firmware_microc_bsp//libucosii_bsp.a(alt_isatty.o)
 .data          0x0201d3b0        0x0 ../legocar_firmware_microc_bsp//libucosii_bsp.a(alt_kill.o)
 .data          0x0201d3b0        0x0 ../legocar_firmware_microc_bsp//libucosii_bsp.a(alt_load.o)
 .data          0x0201d3b0        0x0 ../legocar_firmware_microc_bsp//libucosii_bsp.a(alt_lseek.o)
 .data          0x0201d3b0        0x0 ../legocar_firmware_microc_bsp//libucosii_bsp.a(alt_main.o)
 .data          0x0201d3b0        0x0 ../legocar_firmware_microc_bsp//libucosii_bsp.a(alt_read.o)
 .data          0x0201d3b0        0x0 ../legocar_firmware_microc_bsp//libucosii_bsp.a(alt_release_fd.o)
 .data          0x0201d3b0        0x0 ../legocar_firmware_microc_bsp//libucosii_bsp.a(alt_sbrk.o)
 .data          0x0201d3b0        0x0 ../legocar_firmware_microc_bsp//libucosii_bsp.a(alt_tick.o)
 .data          0x0201d3b0        0x0 ../legocar_firmware_microc_bsp//libucosii_bsp.a(alt_usleep.o)
 .data          0x0201d3b0        0x0 ../legocar_firmware_microc_bsp//libucosii_bsp.a(alt_write.o)
 .data          0x0201d3b0        0x0 ../legocar_firmware_microc_bsp//libucosii_bsp.a(alt_env_lock.o)
 .data          0x0201d3b0        0x0 ../legocar_firmware_microc_bsp//libucosii_bsp.a(alt_malloc_lock.o)
 .data          0x0201d3b0        0x0 ../legocar_firmware_microc_bsp//libucosii_bsp.a(os_core.o)
 .data          0x0201d3b0        0x0 ../legocar_firmware_microc_bsp//libucosii_bsp.a(os_dbg.o)
 .data          0x0201d3b0        0x0 ../legocar_firmware_microc_bsp//libucosii_bsp.a(os_flag.o)
 .data          0x0201d3b0        0x0 ../legocar_firmware_microc_bsp//libucosii_bsp.a(os_mem.o)
 .data          0x0201d3b0        0x0 ../legocar_firmware_microc_bsp//libucosii_bsp.a(os_q.o)
 .data          0x0201d3b0        0x0 ../legocar_firmware_microc_bsp//libucosii_bsp.a(os_sem.o)
 .data          0x0201d3b0        0x0 ../legocar_firmware_microc_bsp//libucosii_bsp.a(os_task.o)
 .data          0x0201d3b0        0x0 ../legocar_firmware_microc_bsp//libucosii_bsp.a(os_time.o)
 .data          0x0201d3b0     0x1204 ../legocar_firmware_microc_bsp//libucosii_bsp.a(alt_sys_init.o)
 .data          0x0201e5b4        0x0 ../legocar_firmware_microc_bsp//libucosii_bsp.a(altera_avalon_epcs_flash_controller.o)
 .data          0x0201e5b4        0x0 ../legocar_firmware_microc_bsp//libucosii_bsp.a(altera_avalon_jtag_uart_fd.o)
 .data          0x0201e5b4        0x0 ../legocar_firmware_microc_bsp//libucosii_bsp.a(altera_avalon_jtag_uart_init.o)
 .data          0x0201e5b4        0x0 ../legocar_firmware_microc_bsp//libucosii_bsp.a(altera_avalon_jtag_uart_ioctl.o)
 .data          0x0201e5b4        0x0 ../legocar_firmware_microc_bsp//libucosii_bsp.a(altera_avalon_jtag_uart_read.o)
 .data          0x0201e5b4        0x0 ../legocar_firmware_microc_bsp//libucosii_bsp.a(altera_avalon_jtag_uart_write.o)
 .data          0x0201e5b4        0x0 ../legocar_firmware_microc_bsp//libucosii_bsp.a(altera_avalon_timer_sc.o)
 .data          0x0201e5b4        0x0 ../legocar_firmware_microc_bsp//libucosii_bsp.a(altera_avalon_uart_fd.o)
 .data          0x0201e5b4        0x0 ../legocar_firmware_microc_bsp//libucosii_bsp.a(altera_avalon_uart_init.o)
 .data          0x0201e5b4        0x0 ../legocar_firmware_microc_bsp//libucosii_bsp.a(altera_avalon_uart_read.o)
 .data          0x0201e5b4        0x0 ../legocar_firmware_microc_bsp//libucosii_bsp.a(altera_avalon_uart_write.o)
 .data          0x0201e5b4        0x0 ../legocar_firmware_microc_bsp//libucosii_bsp.a(epcs_commands.o)
 .data          0x0201e5b4        0x0 ../legocar_firmware_microc_bsp//libucosii_bsp.a(alt_alarm_start.o)
 .data          0x0201e5b4        0x0 ../legocar_firmware_microc_bsp//libucosii_bsp.a(alt_busy_sleep.o)
 .data          0x0201e5b4        0x0 ../legocar_firmware_microc_bsp//libucosii_bsp.a(alt_dev_llist_insert.o)
 .data          0x0201e5b4        0x0 ../legocar_firmware_microc_bsp//libucosii_bsp.a(alt_do_ctors.o)
 .data          0x0201e5b4        0x0 ../legocar_firmware_microc_bsp//libucosii_bsp.a(alt_do_dtors.o)
 .data          0x0201e5b4        0x0 ../legocar_firmware_microc_bsp//libucosii_bsp.a(alt_find_dev.o)
 .data          0x0201e5b4        0x0 ../legocar_firmware_microc_bsp//libucosii_bsp.a(alt_icache_flush_all.o)
 .data          0x0201e5b4        0x0 ../legocar_firmware_microc_bsp//libucosii_bsp.a(alt_iic.o)
 .data          0x0201e5b4        0x0 ../legocar_firmware_microc_bsp//libucosii_bsp.a(alt_iic_isr_register.o)
 .data          0x0201e5b4        0x0 ../legocar_firmware_microc_bsp//libucosii_bsp.a(alt_io_redirect.o)
 .data          0x0201e5b4        0x0 ../legocar_firmware_microc_bsp//libucosii_bsp.a(alt_irq_entry.o)
 .data          0x0201e5b4        0x0 ../legocar_firmware_microc_bsp//libucosii_bsp.a(alt_irq_handler.o)
 .data          0x0201e5b4        0x0 ../legocar_firmware_microc_bsp//libucosii_bsp.a(alt_irq_vars.o)
 .data          0x0201e5b4        0x0 ../legocar_firmware_microc_bsp//libucosii_bsp.a(alt_open.o)
 .data          0x0201e5b4        0x0 ../legocar_firmware_microc_bsp//libucosii_bsp.a(altera_nios2_irq.o)
 .data          0x0201e5b4        0x0 ../legocar_firmware_microc_bsp//libucosii_bsp.a(os_cpu_a.o)
 .data          0x0201e5b4        0x0 ../legocar_firmware_microc_bsp//libucosii_bsp.a(os_cpu_c.o)
 .data          0x0201e5b4        0x0 ../legocar_firmware_microc_bsp//libucosii_bsp.a(altera_avalon_spi.o)
 .data          0x0201e5b4        0x0 ../legocar_firmware_microc_bsp//libucosii_bsp.a(alt_exception_entry.o)
 .data          0x0201e5b4        0x0 ../legocar_firmware_microc_bsp//libucosii_bsp.a(alt_find_file.o)
 .data          0x0201e5b4        0x0 ../legocar_firmware_microc_bsp//libucosii_bsp.a(alt_get_fd.o)
 .data          0x0201e5b4        0x0 /opt/altera/nios2eds/bin/gnu/H-i686-pc-linux-gnu/bin/../lib/gcc/nios2-elf/4.7.3/../../../../../H-i686-pc-linux-gnu/nios2-elf/lib/mno-hw-mul/libc.a(lib_a-atexit.o)
 .data          0x0201e5b4        0x0 /opt/altera/nios2eds/bin/gnu/H-i686-pc-linux-gnu/bin/../lib/gcc/nios2-elf/4.7.3/../../../../../H-i686-pc-linux-gnu/nios2-elf/lib/mno-hw-mul/libc.a(lib_a-exit.o)
 .data          0x0201e5b4        0x0 /opt/altera/nios2eds/bin/gnu/H-i686-pc-linux-gnu/bin/../lib/gcc/nios2-elf/4.7.3/../../../../../H-i686-pc-linux-gnu/nios2-elf/lib/mno-hw-mul/libc.a(lib_a-memcmp.o)
 .data          0x0201e5b4        0x0 /opt/altera/nios2eds/bin/gnu/H-i686-pc-linux-gnu/bin/../lib/gcc/nios2-elf/4.7.3/../../../../../H-i686-pc-linux-gnu/nios2-elf/lib/mno-hw-mul/libc.a(lib_a-__atexit.o)
 .data          0x0201e5b4        0x0 /opt/altera/nios2eds/bin/gnu/H-i686-pc-linux-gnu/bin/../lib/gcc/nios2-elf/4.7.3/../../../../../H-i686-pc-linux-gnu/nios2-elf/lib/mno-hw-mul/libc.a(lib_a-__call_atexit.o)
                0x020265b4                _gp = ABSOLUTE ((. + 0x8000))
                0x020265b4                PROVIDE (gp, _gp)
 *(.rwdata .rwdata.*)
 *(.sdata .sdata.* .gnu.linkonce.s.*)
 .sdata         0x0201e5b4       0x10 obj/default/ins.o
                0x0201e5b4                ms2_per_digi
                0x0201e5bc                sensor_read_tries
                0x0201e5c0                data_wait
 .sdata         0x0201e5c4        0x8 /opt/altera/nios2eds/bin/gnu/H-i686-pc-linux-gnu/bin/../lib/gcc/nios2-elf/4.7.3/../../../../../H-i686-pc-linux-gnu/nios2-elf/lib/mno-hw-mul/libc.a(lib_a-impure.o)
                0x0201e5c4                _global_impure_ptr
                0x0201e5c8                _impure_ptr
 .sdata         0x0201e5cc        0x8 /opt/altera/nios2eds/bin/gnu/H-i686-pc-linux-gnu/bin/../lib/gcc/nios2-elf/4.7.3/../../../../../H-i686-pc-linux-gnu/nios2-elf/lib/mno-hw-mul/libc.a(lib_a-mallocr.o)
                0x0201e5cc                __malloc_sbrk_base
                0x0201e5d0                __malloc_trim_threshold
 .sdata         0x0201e5d4        0x4 /opt/altera/nios2eds/bin/gnu/H-i686-pc-linux-gnu/bin/../lib/gcc/nios2-elf/4.7.3/../../../../../H-i686-pc-linux-gnu/nios2-elf/lib/mno-hw-mul/libc.a(lib_a-locale.o)
                0x0201e5d4                __mb_cur_max
 .sdata         0x0201e5d8       0x14 ../legocar_firmware_microc_bsp//libucosii_bsp.a(alt_dev.o)
                0x0201e5d8                alt_fs_list
                0x0201e5e0                alt_dev_list
                0x0201e5e8                alt_max_fd
 .sdata         0x0201e5ec        0x4 ../legocar_firmware_microc_bsp//libucosii_bsp.a(alt_errno.o)
                0x0201e5ec                alt_errno
 .sdata         0x0201e5f0        0x8 ../legocar_firmware_microc_bsp//libucosii_bsp.a(alt_flash_dev.o)
                0x0201e5f0                alt_flash_dev_list
 .sdata         0x0201e5f8        0x4 ../legocar_firmware_microc_bsp//libucosii_bsp.a(alt_sbrk.o)
 .sdata         0x0201e5fc        0x8 ../legocar_firmware_microc_bsp//libucosii_bsp.a(alt_tick.o)
                0x0201e5fc                alt_alarm_list
 .sdata         0x0201e604        0x4 ../legocar_firmware_microc_bsp//libucosii_bsp.a(alt_env_lock.o)
 .sdata         0x0201e608        0x4 ../legocar_firmware_microc_bsp//libucosii_bsp.a(alt_malloc_lock.o)
 .sdata         0x0201e60c       0x74 ../legocar_firmware_microc_bsp//libucosii_bsp.a(os_dbg.o)
                0x0201e60c                OSDebugEn
                0x0201e610                OSEndiannessTest
                0x0201e614                OSEventEn
                0x0201e616                OSEventMax
                0x0201e618                OSEventNameSize
                0x0201e61a                OSEventSize
                0x0201e61c                OSEventTblSize
                0x0201e61e                OSEventMultiEn
                0x0201e620                OSFlagEn
                0x0201e622                OSFlagGrpSize
                0x0201e624                OSFlagNodeSize
                0x0201e626                OSFlagWidth
                0x0201e628                OSFlagMax
                0x0201e62a                OSFlagNameSize
                0x0201e62c                OSLowestPrio
                0x0201e62e                OSMboxEn
                0x0201e630                OSMemEn
                0x0201e632                OSMemMax
                0x0201e634                OSMemNameSize
                0x0201e636                OSMemSize
                0x0201e638                OSMemTblSize
                0x0201e63a                OSMutexEn
                0x0201e63c                OSPtrSize
                0x0201e63e                OSQEn
                0x0201e640                OSQMax
                0x0201e642                OSQSize
                0x0201e644                OSRdyTblSize
                0x0201e646                OSSemEn
                0x0201e648                OSStkWidth
                0x0201e64a                OSTaskCreateEn
                0x0201e64c                OSTaskCreateExtEn
                0x0201e64e                OSTaskDelEn
                0x0201e650                OSTaskIdleStkSize
                0x0201e652                OSTaskProfileEn
                0x0201e654                OSTaskMax
                0x0201e656                OSTaskNameSize
                0x0201e658                OSTaskStatEn
                0x0201e65a                OSTaskStatStkSize
                0x0201e65c                OSTaskStatStkChkEn
                0x0201e65e                OSTaskSwHookEn
                0x0201e660                OSTCBPrioTblMax
                0x0201e662                OSTCBSize
                0x0201e664                OSTicksPerSec
                0x0201e666                OSTimeTickHookEn
                0x0201e668                OSVersionNbr
                0x0201e66a                OSTmrEn
                0x0201e66c                OSTmrCfgMax
                0x0201e66e                OSTmrCfgNameSize
                0x0201e670                OSTmrCfgWheelSize
                0x0201e672                OSTmrCfgTicksPerSec
                0x0201e674                OSTmrSize
                0x0201e676                OSTmrTblSize
                0x0201e678                OSTmrWheelSize
                0x0201e67a                OSTmrWheelTblSize
                0x0201e67c                OSDataSize
 .sdata         0x0201e680        0x4 ../legocar_firmware_microc_bsp//libucosii_bsp.a(alt_irq_vars.o)
                0x0201e680                alt_priority_mask
 *(.sdata2 .sdata2.* .gnu.linkonce.s2.*)
                0x0201e684                . = ALIGN (0x4)
                0x0201e684                _edata = ABSOLUTE (.)
                0x0201e684                PROVIDE (edata, ABSOLUTE (.))
                0x0201e684                PROVIDE (__ram_rwdata_end, ABSOLUTE (.))
                0x0201e684                PROVIDE (__flash_rwdata_start, LOADADDR (.rwdata))

.bss            0x02020314     0x66e4
                0x02020314                __bss_start = ABSOLUTE (.)
                0x02020314                PROVIDE (__sbss_start, ABSOLUTE (.))
                0x02020314                PROVIDE (___sbss_start, ABSOLUTE (.))
 *(.dynsbss)
 *(.sbss .sbss.* .gnu.linkonce.sb.*)
 .sbss          0x02020314        0xc /opt/altera/nios2eds/bin/gnu/H-i686-pc-linux-gnu/bin/../lib/gcc/nios2-elf/4.7.3/../../../../../H-i686-pc-linux-gnu/nios2-elf/lib/mno-hw-mul/libc.a(lib_a-mallocr.o)
                0x02020314                __malloc_max_total_mem
                0x02020318                __malloc_max_sbrked_mem
                0x0202031c                __malloc_top_pad
 .sbss          0x02020320        0x4 /opt/altera/nios2eds/bin/gnu/H-i686-pc-linux-gnu/bin/../lib/gcc/nios2-elf/4.7.3/../../../../../H-i686-pc-linux-gnu/nios2-elf/lib/mno-hw-mul/libc.a(lib_a-int_errno.o)
                0x02020320                errno
 .sbss          0x02020324        0xc /opt/altera/nios2eds/bin/gnu/H-i686-pc-linux-gnu/bin/../lib/gcc/nios2-elf/4.7.3/../../../../../H-i686-pc-linux-gnu/nios2-elf/lib/mno-hw-mul/libc.a(lib_a-locale.o)
                0x02020324                _PathLocale
                0x02020328                __mlocale_changed
                0x0202032c                __nlocale_changed
 .sbss          0x02020330        0x4 ../legocar_firmware_microc_bsp//libucosii_bsp.a(alt_dev.o)
                0x02020330                alt_fd_list_lock
 .sbss          0x02020334        0xc ../legocar_firmware_microc_bsp//libucosii_bsp.a(alt_main.o)
                0x02020334                alt_argc
                0x02020338                alt_argv
                0x0202033c                alt_envp
 .sbss          0x02020340        0x8 ../legocar_firmware_microc_bsp//libucosii_bsp.a(alt_tick.o)
                0x02020340                _alt_tick_rate
                0x02020344                _alt_nticks
 .sbss          0x02020348        0x8 ../legocar_firmware_microc_bsp//libucosii_bsp.a(alt_env_lock.o)
                0x0202034c                alt_envsem
 .sbss          0x02020350        0x8 ../legocar_firmware_microc_bsp//libucosii_bsp.a(alt_malloc_lock.o)
                0x02020354                alt_heapsem
 .sbss          0x02020358       0x50 ../legocar_firmware_microc_bsp//libucosii_bsp.a(os_core.o)
                0x02020358                OSLockNesting
                0x02020359                OSRunning
                0x0202035c                OSIdleCtr
                0x02020360                OSPrioHighRdy
                0x02020361                OSPrioCur
                0x02020364                OSTCBList
                0x02020368                OSTickStepState
                0x0202036c                OSCtxSwCtr
                0x02020370                OSIdleCtrMax
                0x02020374                OSTCBFreeList
                0x02020378                OSCPUUsage
                0x02020379                OSTaskCtr
                0x0202037c                OSMemFreeList
                0x02020380                OSTCBHighRdy
                0x02020384                OSQFreeList
                0x02020388                OSRdyGrp
                0x02020389                OSRdyTbl
                0x0202038c                OSEventFreeList
                0x02020390                OSIntNesting
                0x02020394                OSTCBCur
                0x02020398                OSTime
                0x0202039c                OSFlagFreeList
                0x020203a0                OSStatRdy
                0x020203a4                OSIdleCtrRun
 .sbss          0x020203a8        0x4 ../legocar_firmware_microc_bsp//libucosii_bsp.a(alt_irq_vars.o)
                0x020203a8                alt_irq_active
 *(.sbss2 .sbss2.* .gnu.linkonce.sb2.*)
 *(.scommon)
                0x020203ac                PROVIDE (__sbss_end, ABSOLUTE (.))
                0x020203ac                PROVIDE (___sbss_end, ABSOLUTE (.))
 *(.dynbss)
 *(.bss .bss.* .gnu.linkonce.b.*)
 .bss           0x020203ac        0x0 ../legocar_firmware_microc_bsp//obj/HAL/src/crt0.o
 .bss           0x020203ac        0x0 obj/default/ins.o
 .bss           0x020203ac        0x0 obj/default/legocar.o
 .bss           0x020203ac        0x0 obj/default/main.o
 .bss           0x020203ac        0x0 obj/default/pwm_motor.o
 .bss           0x020203ac        0x0 obj/default/terasic_lib/I2C.o
 .bss           0x020203ac        0x0 obj/default/terasic_lib/accelerometer_adxl345_spi.o
 .bss           0x020203ac        0x0 obj/default/terasic_lib/adc_spi_read.o
 .bss           0x020203ac        0x0 obj/default/terasic_lib/flash.o
 .bss           0x020203ac        0x0 obj/default/terasic_lib/terasic_spi.o
 .bss           0x020203ac        0x0 obj/default/wheel_direction.o
 .bss           0x020203ac        0x0 /opt/altera/nios2eds/bin/gnu/H-i686-pc-linux-gnu/bin/../lib/gcc/nios2-elf/4.7.3/mno-hw-mul/libgcc.a(_fixunsdfsi.o)
 .bss           0x020203ac        0x0 /opt/altera/nios2eds/bin/gnu/H-i686-pc-linux-gnu/bin/../lib/gcc/nios2-elf/4.7.3/mno-hw-mul/libgcc.a(_addsub_sf.o)
 .bss           0x020203ac        0x0 /opt/altera/nios2eds/bin/gnu/H-i686-pc-linux-gnu/bin/../lib/gcc/nios2-elf/4.7.3/mno-hw-mul/libgcc.a(_mul_sf.o)
 .bss           0x020203ac        0x0 /opt/altera/nios2eds/bin/gnu/H-i686-pc-linux-gnu/bin/../lib/gcc/nios2-elf/4.7.3/mno-hw-mul/libgcc.a(_gt_sf.o)
 .bss           0x020203ac        0x0 /opt/altera/nios2eds/bin/gnu/H-i686-pc-linux-gnu/bin/../lib/gcc/nios2-elf/4.7.3/mno-hw-mul/libgcc.a(_ge_sf.o)
 .bss           0x020203ac        0x0 /opt/altera/nios2eds/bin/gnu/H-i686-pc-linux-gnu/bin/../lib/gcc/nios2-elf/4.7.3/mno-hw-mul/libgcc.a(_le_sf.o)
 .bss           0x020203ac        0x0 /opt/altera/nios2eds/bin/gnu/H-i686-pc-linux-gnu/bin/../lib/gcc/nios2-elf/4.7.3/mno-hw-mul/libgcc.a(_sf_to_si.o)
 .bss           0x020203ac        0x0 /opt/altera/nios2eds/bin/gnu/H-i686-pc-linux-gnu/bin/../lib/gcc/nios2-elf/4.7.3/mno-hw-mul/libgcc.a(_sf_to_df.o)
 .bss           0x020203ac        0x0 /opt/altera/nios2eds/bin/gnu/H-i686-pc-linux-gnu/bin/../lib/gcc/nios2-elf/4.7.3/mno-hw-mul/libgcc.a(_thenan_sf.o)
 .bss           0x020203ac        0x0 /opt/altera/nios2eds/bin/gnu/H-i686-pc-linux-gnu/bin/../lib/gcc/nios2-elf/4.7.3/mno-hw-mul/libgcc.a(_usi_to_sf.o)
 .bss           0x020203ac        0x0 /opt/altera/nios2eds/bin/gnu/H-i686-pc-linux-gnu/bin/../lib/gcc/nios2-elf/4.7.3/mno-hw-mul/libgcc.a(_addsub_df.o)
 .bss           0x020203ac        0x0 /opt/altera/nios2eds/bin/gnu/H-i686-pc-linux-gnu/bin/../lib/gcc/nios2-elf/4.7.3/mno-hw-mul/libgcc.a(_mul_df.o)
 .bss           0x020203ac        0x0 /opt/altera/nios2eds/bin/gnu/H-i686-pc-linux-gnu/bin/../lib/gcc/nios2-elf/4.7.3/mno-hw-mul/libgcc.a(_div_df.o)
 .bss           0x020203ac        0x0 /opt/altera/nios2eds/bin/gnu/H-i686-pc-linux-gnu/bin/../lib/gcc/nios2-elf/4.7.3/mno-hw-mul/libgcc.a(_eq_df.o)
 .bss           0x020203ac        0x0 /opt/altera/nios2eds/bin/gnu/H-i686-pc-linux-gnu/bin/../lib/gcc/nios2-elf/4.7.3/mno-hw-mul/libgcc.a(_ge_df.o)
 .bss           0x020203ac        0x0 /opt/altera/nios2eds/bin/gnu/H-i686-pc-linux-gnu/bin/../lib/gcc/nios2-elf/4.7.3/mno-hw-mul/libgcc.a(_si_to_df.o)
 .bss           0x020203ac        0x0 /opt/altera/nios2eds/bin/gnu/H-i686-pc-linux-gnu/bin/../lib/gcc/nios2-elf/4.7.3/mno-hw-mul/libgcc.a(_df_to_si.o)
 .bss           0x020203ac        0x0 /opt/altera/nios2eds/bin/gnu/H-i686-pc-linux-gnu/bin/../lib/gcc/nios2-elf/4.7.3/mno-hw-mul/libgcc.a(_make_df.o)
 .bss           0x020203ac        0x0 /opt/altera/nios2eds/bin/gnu/H-i686-pc-linux-gnu/bin/../lib/gcc/nios2-elf/4.7.3/mno-hw-mul/libgcc.a(_df_to_sf.o)
 .bss           0x020203ac        0x0 /opt/altera/nios2eds/bin/gnu/H-i686-pc-linux-gnu/bin/../lib/gcc/nios2-elf/4.7.3/mno-hw-mul/libgcc.a(_thenan_df.o)
 .bss           0x020203ac        0x0 /opt/altera/nios2eds/bin/gnu/H-i686-pc-linux-gnu/bin/../lib/gcc/nios2-elf/4.7.3/mno-hw-mul/libgcc.a(lib2-divmod.o)
 .bss           0x020203ac        0x0 /opt/altera/nios2eds/bin/gnu/H-i686-pc-linux-gnu/bin/../lib/gcc/nios2-elf/4.7.3/mno-hw-mul/libgcc.a(_muldi3.o)
 .bss           0x020203ac        0x0 /opt/altera/nios2eds/bin/gnu/H-i686-pc-linux-gnu/bin/../lib/gcc/nios2-elf/4.7.3/mno-hw-mul/libgcc.a(_clzsi2.o)
 .bss           0x020203ac        0x0 /opt/altera/nios2eds/bin/gnu/H-i686-pc-linux-gnu/bin/../lib/gcc/nios2-elf/4.7.3/mno-hw-mul/libgcc.a(_pack_sf.o)
 .bss           0x020203ac        0x0 /opt/altera/nios2eds/bin/gnu/H-i686-pc-linux-gnu/bin/../lib/gcc/nios2-elf/4.7.3/mno-hw-mul/libgcc.a(_unpack_sf.o)
 .bss           0x020203ac        0x0 /opt/altera/nios2eds/bin/gnu/H-i686-pc-linux-gnu/bin/../lib/gcc/nios2-elf/4.7.3/mno-hw-mul/libgcc.a(_fpcmp_parts_sf.o)
 .bss           0x020203ac        0x0 /opt/altera/nios2eds/bin/gnu/H-i686-pc-linux-gnu/bin/../lib/gcc/nios2-elf/4.7.3/mno-hw-mul/libgcc.a(_make_sf.o)
 .bss           0x020203ac        0x0 /opt/altera/nios2eds/bin/gnu/H-i686-pc-linux-gnu/bin/../lib/gcc/nios2-elf/4.7.3/mno-hw-mul/libgcc.a(_pack_df.o)
 .bss           0x020203ac        0x0 /opt/altera/nios2eds/bin/gnu/H-i686-pc-linux-gnu/bin/../lib/gcc/nios2-elf/4.7.3/mno-hw-mul/libgcc.a(_unpack_df.o)